PYTHONPATH=/mnt/data/sip-hybrid-work/src:/mnt/data/sip-hybrid-work python tools/run_benchmarks.py
{
  "benchmarks": {
    "cscp_validate_16_frames": {
      "archive_sha256": "859ee5f74927eae132af1dfcc5c370352502879ad6875a0e8a2cc0fb5abcb8d2",
      "max_ms": 2.316468,
      "median_ms": 1.973998,
      "min_ms": 1.960548,
      "p95_ms": 2.316468,
      "root_hash": "3801ced4a8aa3708e16807a72334543849a9c73a9ebd3d4977ec35d306ed8119",
      "samples": 5,
      "validated_frames": 16
    },
    "interaction_proxy_12_to_8_faces": {
      "input_faces": 12,
      "max_ms": 0.485873,
      "median_ms": 0.3831755,
      "min_ms": 0.350081,
      "output_faces": 8,
      "p95_ms": 0.449108,
      "samples": 20
    },
    "mesh_to_splats_12_faces_x8": {
      "input_faces": 12,
      "lossy": true,
      "max_ms": 2.941138,
      "median_ms": 0.30686199999999997,
      "min_ms": 0.276211,
      "output_splats": 96,
      "p95_ms": 2.941138,
      "samples": 10
    },
    "sim3_ransac_500_points_25_outliers": {
      "inliers": 475,
      "max_ms": 48.712644,
      "median_ms": 48.350245,
      "min_ms": 46.874969,
      "p95_ms": 48.712644,
      "rmse": 1.324659381143314e-15,
      "samples": 5,
      "scale": 1.25
    }
  },
  "budget_checks": [
    {
      "benchmark": "sim3_ransac_500_points_25_outliers",
      "checks": [
        {
          "actual": 48.712644,
          "metric": "p95_ms",
          "operator": "<=",
          "passed": true,
          "threshold": 350.0
        },
        {
          "actual": 1.324659381143314e-15,
          "metric": "rmse",
          "operator": "<=",
          "passed": true,
          "threshold": 1e-06
        },
        {
          "actual": 475,
          "metric": "inliers",
          "operator": ">=",
          "passed": true,
          "threshold": 475
        }
      ],
      "status": "passed"
    },
    {
      "benchmark": "interaction_proxy_12_to_8_faces",
      "checks": [
        {
          "actual": 0.449108,
          "metric": "p95_ms",
          "operator": "<=",
          "passed": true,
          "threshold": 25.0
        }
      ],
      "status": "passed"
    },
    {
      "benchmark": "mesh_to_splats_12_faces_x8",
      "checks": [
        {
          "actual": 2.941138,
          "metric": "p95_ms",
          "operator": "<=",
          "passed": true,
          "threshold": 25.0
        }
      ],
      "status": "passed"
    },
    {
      "benchmark": "cscp_validate_16_frames",
      "checks": [
        {
          "actual": 2.316468,
          "metric": "p95_ms",
          "operator": "<=",
          "passed": true,
          "threshold": 150.0
        }
      ],
      "status": "passed"
    }
  ],
  "budget_manifest": {
    "path": "benchmarks/reference-budgets.json",
    "sha256": "24d2dd9c50e71d1d0cf43111c5175408565fe02053cf2a21c7d686d223ef6eb8"
  },
  "claims": "Budgets cover only the deterministic single-process CPU reference profile and are not production capacity targets.",
  "profile": {
    "cpu_count": 5,
    "execution": "single-process deterministic CPU path",
    "git": {
      "commit": "8af0aafa0425b3f190b14fa63701990f0bd6d343",
      "dirty_paths": 259,
      "working_tree_clean": false
    },
    "name": "cpu-reference",
    "numpy": "2.3.5",
    "platform": "Linux-6.12.13-x86_64-with-glibc2.41",
    "processor": "",
    "python": "3.13.5"
  },
  "schema": "sip.benchmark-report/v2",
  "status": "passed"
}
