PYTHONPATH=/mnt/data/sip-hybrid-work/src:/mnt/data/sip-hybrid-work python tools/run_demo.py construction
{
  "artifacts": [
    {
      "bytes": 0,
      "path": "runtime/sip.sqlite3",
      "sha256": "e3b0c44298fc1c149afbf4c8996fb92427ae41e4649b934ca495991b7852b855"
    }
  ],
  "canonical_scenario": "construction",
  "claims": "Synthetic acceptance evidence only; this is not a customer pilot, physical-device validation, survey, legal approval, or production-load result.",
  "demonstration": "construction",
  "environment": {
    "git": {
      "commit": "8af0aafa0425b3f190b14fa63701990f0bd6d343",
      "dirty_paths": 264,
      "working_tree_clean": false
    },
    "platform": "Linux-6.12.13-x86_64-with-glibc2.41",
    "python": "3.13.5"
  },
  "error": {
    "code": "e3q8",
    "message": "(sqlite3.OperationalError) disk I/O error\n[SQL: \nCREATE TABLE backup_runs (\n\tbackup_id VARCHAR(64) NOT NULL, \n\ttenant_id VARCHAR(64), \n\tprofile VARCHAR(64) NOT NULL, \n\tbackup_path TEXT NOT NULL, \n\troot_hash VARCHAR(64) NOT NULL, \n\tschema_fingerprint VARCHAR(64) NOT NULL, \n\tstate VARCHAR(64) NOT NULL, \n\tcreated_by VARCHAR(128) NOT NULL, \n\tevidence JSON NOT NULL, \n\tcreated_at DATETIME NOT NULL, \n\tverified_at DATETIME, \n\trestore_rehearsed_at DATETIME, \n\tPRIMARY KEY (backup_id)\n)\n\n]\n(Background on this error at: https://sqlalche.me/e/20/e3q8)",
    "type": "OperationalError"
  },
  "evidence_hash": "5e37bdffc66b0fc01e1d7e284529bc9348bfe9533755b0eaaa10bdb908385831",
  "finished_at": "2026-07-27T23:58:11.083784+00:00",
  "result": {},
  "schema": "sip.demo-evidence/v1",
  "started_at": "2026-07-27T23:58:07.847841+00:00",
  "status": "failed"
}
make: *** [Makefile:112: demo-construction] Error 1
