PYTHONPATH=/mnt/data/sip-hybrid-work/src:/mnt/data/sip-hybrid-work python tools/run_demo.py hybrid
{
  "artifacts": [
    {
      "bytes": 269,
      "path": "runtime/objects/06/83/068331e400cb15f3b2965603ede79b8d9b6e619c2c0d586a4bd600bc7b362eed.enc",
      "sha256": "1ae1e1caaceb56ca1e7fb03f308e937fe3373d4b582fe286cf9b5bec9157e6de"
    },
    {
      "bytes": 319,
      "path": "runtime/objects/06/83/068331e400cb15f3b2965603ede79b8d9b6e619c2c0d586a4bd600bc7b362eed.meta.json",
      "sha256": "d4b0ba07306b010ea52c45d1e61542c8234b66129522ccf221de12d300ab109e"
    },
    {
      "bytes": 222,
      "path": "runtime/objects/1b/90/1b909691605f5fb736c8b1e53aa4fd6eccdb12cce0973bbaf7d8a07f56ce1af5.enc",
      "sha256": "d20fcef6278ab2cdc7357fcea38ebe43e66ed348aa079dd87f4ad153254b1418"
    },
    {
      "bytes": 319,
      "path": "runtime/objects/1b/90/1b909691605f5fb736c8b1e53aa4fd6eccdb12cce0973bbaf7d8a07f56ce1af5.meta.json",
      "sha256": "d7de1998b5be67f393d21d9ea1db8778514aa724e1400e115073727021013a7b"
    },
    {
      "bytes": 264,
      "path": "runtime/objects/cf/71/cf71e692c5b0a39a3a279567d51e67fd72d9be8a4ffca7f3fd517b29717ca2d9.enc",
      "sha256": "fbee0b7d50b6b89f710255b4d1dd67cbca48965b0ac447284b442f8d3f7674c1"
    },
    {
      "bytes": 319,
      "path": "runtime/objects/cf/71/cf71e692c5b0a39a3a279567d51e67fd72d9be8a4ffca7f3fd517b29717ca2d9.meta.json",
      "sha256": "b8fba9c8f64bc699c73c36f32c0526ad9c73b56b41b602df7211fbe022032257"
    },
    {
      "bytes": 2713,
      "path": "runtime/objects/f2/3a/f23a9779d190357c2414af0a406987a0d37066ea8eaa25d52a8a981b6a7915ba.enc",
      "sha256": "ed6cdfa09f8a5fbd9cc9c485b139ab3142639c55d9663c8c02b365c1cdd940b5"
    },
    {
      "bytes": 319,
      "path": "runtime/objects/f2/3a/f23a9779d190357c2414af0a406987a0d37066ea8eaa25d52a8a981b6a7915ba.meta.json",
      "sha256": "b18f5bfda00e29fc9b5863dae579b5c3aa80709d2ceff00a3aa5dc9b5bfa4b7f"
    },
    {
      "bytes": 238,
      "path": "runtime/objects/f3/2e/f32e78b6b6b5507fc7873d5e41ab12f7ca5f5d481cc55b038e53e6a8b9e07dcc.enc",
      "sha256": "a4c14ea4fdd176af7eafdd6f6d007c4633bf3d8b2b9b37a0772309ba2ab8485a"
    },
    {
      "bytes": 319,
      "path": "runtime/objects/f3/2e/f32e78b6b6b5507fc7873d5e41ab12f7ca5f5d481cc55b038e53e6a8b9e07dcc.meta.json",
      "sha256": "b13d277424e2c28cf5b09e1eeab5a1adecf92ac4b7845719e7174f9532a74369"
    },
    {
      "bytes": 1671168,
      "path": "runtime/sip.sqlite3",
      "sha256": "5e83eaa9de07807eb31e5cc08b190fac4194df8ee63adb83fabf92c08010666d"
    },
    {
      "bytes": 2936,
      "path": "viewer-session.json",
      "sha256": "622189670dc3fb6b6669338f3c57a296a08d18bb3bec4014dac78f27734afc1e"
    },
    {
      "bytes": 5426,
      "path": "viewer.html",
      "sha256": "a2102a963f19ac8c203dde751ec62f21792cb7e6705f47f589c52f93b9a66860"
    }
  ],
  "canonical_scenario": "hybrid",
  "claims": "Synthetic acceptance evidence only; this is not a customer pilot, physical-device validation, survey, legal approval, or production-load result.",
  "demonstration": "hybrid",
  "environment": {
    "git": {
      "commit": "8af0aafa0425b3f190b14fa63701990f0bd6d343",
      "dirty_paths": 263,
      "working_tree_clean": false
    },
    "platform": "Linux-6.12.13-x86_64-with-glibc2.41",
    "python": "3.13.5"
  },
  "error": null,
  "evidence_hash": "369e3b65972bcb869959ab4072b8b008e46b69fdccf0f1197380521034ecf8cb",
  "finished_at": "2026-07-27T23:58:06.145598+00:00",
  "result": {
    "acceptance": {
      "all_layers_same_frame": true,
      "direct_proxy_measurement_blocked": true,
      "prior_commit_preserved": true,
      "proxy_hit_re_resolved": true,
      "unresolved_anchor_reported": true
    },
    "direct_proxy_measurement_blocked": true,
    "proxy_pick": {
      "acceptance_threshold_m": 0.03,
      "authoritative_measurement_allowed": true,
      "estimated_residual_m": 0.01,
      "interaction_hit": {
        "normal": [
          0.0,
          1.0,
          0.0
        ],
        "representation_id": "b87a8076-49b1-46e3-9790-211a08157561",
        "representation_kind": "interaction",
        "support_hint": {},
        "world_point": [
          1.0,
          1.0,
          0.0
        ]
      },
      "metric_representation_id": "2dbf88b3-9e21-4e19-bc93-c6e20200f269",
      "metric_source_asset_ids": [
        "9456a785-e33b-4112-8c33-63daa1c08efd"
      ],
      "proxy_representation_id": "b87a8076-49b1-46e3-9790-211a08157561",
      "reason": null,
      "resolved": true,
      "resolved_metric_evidence": {
        "acceptance_threshold_m": 0.03,
        "coordinate_frame_id": "world",
        "estimated_residual_m": 0.01,
        "metric_representation_id": "2dbf88b3-9e21-4e19-bc93-c6e20200f269",
        "metric_source_asset_ids": [
          "9456a785-e33b-4112-8c33-63daa1c08efd"
        ],
        "resolution_method": "support_map_metric_reprojection"
      },
      "world_point": [
        1.0,
        1.0,
        0.0
      ]
    },
    "replacement": {
      "new_representation_id": "f2ddc206-14b2-4ea9-a286-336068099037",
      "old_representation_id": "b87a8076-49b1-46e3-9790-211a08157561",
      "reprojected": 1,
      "reprojected_anchor_ids": [
        "anchor-panel"
      ],
      "unresolved": 1,
      "unresolved_anchors": [
        {
          "anchor_id": "anchor-removed",
          "point": [
            3.5,
            1.0,
            0.0
          ],
          "semantic_support_id": "entity-removed"
        }
      ]
    },
    "representations": {
      "design": "3dd708e5-2838-4959-92bc-51de7d96b7ab",
      "metric": "2dbf88b3-9e21-4e19-bc93-c6e20200f269",
      "proxy_v1": "b87a8076-49b1-46e3-9790-211a08157561",
      "proxy_v2": "f2ddc206-14b2-4ea9-a286-336068099037",
      "visual": "e13922bc-ab38-47ed-9282-f07114fa09aa"
    },
    "scene": {
      "after_replacement_commit": {
        "branch": "main",
        "change_evidence_ids": [],
        "commit_id": "93fbd3bb-77e7-41e5-8ee7-1ea6edb99c1e",
        "field_visit_id": null,
        "parent_ids": [
          "154854bb-1d11-40a1-a5cb-9877f484e81e"
        ],
        "recorded_at": "2026-07-27T23:58:06.134222+00:00",
        "review_state": "unreviewed",
        "root_manifest_hash": "528695e7e2d5b4c37f98e347484d43bb8f87f8d98633290db4ffafd0816e5bbb",
        "snapshot_hash": "528695e7e2d5b4c37f98e347484d43bb8f87f8d98633290db4ffafd0816e5bbb",
        "valid_from": null,
        "valid_to": null,
        "workflow_event_id": null
      },
      "before_replacement_commit": {
        "branch": "main",
        "change_evidence_ids": [],
        "commit_id": "154854bb-1d11-40a1-a5cb-9877f484e81e",
        "field_visit_id": null,
        "parent_ids": [
          "df664020-052d-44f9-a847-e2f027f79b2b"
        ],
        "recorded_at": "2026-07-27T23:58:06.084318+00:00",
        "review_state": "unreviewed",
        "root_manifest_hash": "ac6d247a60832f5846a703700043f7bef4f0fe794fcc32a294a61840b68f10ee",
        "snapshot_hash": "ac6d247a60832f5846a703700043f7bef4f0fe794fcc32a294a61840b68f10ee",
        "valid_from": null,
        "valid_to": null,
        "workflow_event_id": null
      },
      "diff": {
        "entities": {
          "added": [],
          "modified": [],
          "removed": []
        },
        "left": "154854bb-1d11-40a1-a5cb-9877f484e81e",
        "representation_changed": true,
        "right": "93fbd3bb-77e7-41e5-8ee7-1ea6edb99c1e"
      },
      "initial_commit": "df664020-052d-44f9-a847-e2f027f79b2b",
      "scene_id": "19d9bfa5-102d-49e3-94a4-fafaf872c538"
    },
    "viewer": {
      "external_dependencies": [],
      "portable": true,
      "session": "/mnt/data/sip-hybrid-work/runtime/demo/hybrid/viewer-session.json",
      "session_sha256": "622189670dc3fb6b6669338f3c57a296a08d18bb3bec4014dac78f27734afc1e",
      "viewer": "/mnt/data/sip-hybrid-work/runtime/demo/hybrid/viewer.html",
      "viewer_sha256": "a2102a963f19ac8c203dde751ec62f21792cb7e6705f47f589c52f93b9a66860"
    }
  },
  "schema": "sip.demo-evidence/v1",
  "started_at": "2026-07-27T23:58:04.672385+00:00",
  "status": "passed"
}
