PYTHONPATH=/mnt/data/sip-hybrid-work/src:/mnt/data/sip-hybrid-work python tools/run_demo.py foundation
{
  "artifacts": [
    {
      "bytes": 25390,
      "path": "input/synthetic-room.sipcapture",
      "sha256": "1ac8be1f84f208ab6a62090a8106bd57a7c329341e8c8874e19df93c955008ff"
    },
    {
      "bytes": 31705,
      "path": "preservation.sip-preservation.zip",
      "sha256": "5bd4e418c6e9b5cb13c8e1156e9f9c439314d2c62ed9c422ee3c27bcf18bbf69"
    },
    {
      "bytes": 25406,
      "path": "restore-runtime/objects/1a/c8/1ac8be1f84f208ab6a62090a8106bd57a7c329341e8c8874e19df93c955008ff.enc",
      "sha256": "eccf58b0d4db617e339d38ed33af7c1a1fa7887305a66c446442a2ecbeb26c8b"
    },
    {
      "bytes": 319,
      "path": "restore-runtime/objects/1a/c8/1ac8be1f84f208ab6a62090a8106bd57a7c329341e8c8874e19df93c955008ff.meta.json",
      "sha256": "cfb3e635d4c4b4ed71a674d62b6033965f64a76653846359233eda18d7945fb4"
    },
    {
      "bytes": 292,
      "path": "restore-runtime/objects/5b/7d/5b7d5512d0362f2b5590ba735f2f6fb6e4dc1e6aabb4dc3579fb3f54603d2d9c.enc",
      "sha256": "d7ac7ee9f8d87aaab73807ae68af4276924c6d3442ca9499f61fc504e8f52ca8"
    },
    {
      "bytes": 319,
      "path": "restore-runtime/objects/5b/7d/5b7d5512d0362f2b5590ba735f2f6fb6e4dc1e6aabb4dc3579fb3f54603d2d9c.meta.json",
      "sha256": "db21557abdcbd22dfd7d942a6aa085039c1bf19ce69aa5953d78b032be5c8d36"
    },
    {
      "bytes": 31721,
      "path": "restore-runtime/objects/5b/d4/5bd4e418c6e9b5cb13c8e1156e9f9c439314d2c62ed9c422ee3c27bcf18bbf69.enc",
      "sha256": "ecce7e0cdce0fe8aa1a0703589c7906438cb1b27e913037a728987509f86245c"
    },
    {
      "bytes": 319,
      "path": "restore-runtime/objects/5b/d4/5bd4e418c6e9b5cb13c8e1156e9f9c439314d2c62ed9c422ee3c27bcf18bbf69.meta.json",
      "sha256": "3e63c4e2276eac7fe3860f64c37aacdddb4fa175e2ab1c08f35aaf46fa2fbca9"
    },
    {
      "bytes": 1609728,
      "path": "restore-runtime/sip.sqlite3",
      "sha256": "6ac67f906a2ec42a49c2a53418f721c30d43881107548e07bc4384fd07a02975"
    },
    {
      "bytes": 25406,
      "path": "runtime/objects/1a/c8/1ac8be1f84f208ab6a62090a8106bd57a7c329341e8c8874e19df93c955008ff.enc",
      "sha256": "dcb6bca43b109fb00f12e1d70d46c15ad36a348c444dd5818ca6efc8438b434a"
    },
    {
      "bytes": 319,
      "path": "runtime/objects/1a/c8/1ac8be1f84f208ab6a62090a8106bd57a7c329341e8c8874e19df93c955008ff.meta.json",
      "sha256": "7fa0af68fd26556a14e9fd1506e01fe5039e9d0561714bc5085774dcefe212ed"
    },
    {
      "bytes": 292,
      "path": "runtime/objects/5b/7d/5b7d5512d0362f2b5590ba735f2f6fb6e4dc1e6aabb4dc3579fb3f54603d2d9c.enc",
      "sha256": "63fe2dbb723c3d779cdbb64a181345186fe3c44a8678b64bdbb9685b6603a0e1"
    },
    {
      "bytes": 319,
      "path": "runtime/objects/5b/7d/5b7d5512d0362f2b5590ba735f2f6fb6e4dc1e6aabb4dc3579fb3f54603d2d9c.meta.json",
      "sha256": "f821d6e1c720eef6193122176ba47f5fe54f1314e639b87dbd345f1321bd08d4"
    },
    {
      "bytes": 1630208,
      "path": "runtime/sip.sqlite3",
      "sha256": "90f5ec3b674fb7f1de08b74882324cfdbe12c581b90163543f4872adc7d50f4f"
    },
    {
      "bytes": 647,
      "path": "viewer-session.json",
      "sha256": "f45b01981b31fc86c4912c45d4b2a41d93176e6209885f43d6a160ed5fa2ba93"
    },
    {
      "bytes": 3041,
      "path": "viewer.html",
      "sha256": "79031d2c9c95aad33ccdd6f56cd79db3bec5834129d4489a2a2d1e6aa2838f76"
    }
  ],
  "canonical_scenario": "foundation",
  "claims": "Synthetic acceptance evidence only; this is not a customer pilot, physical-device validation, survey, legal approval, or production-load result.",
  "demonstration": "foundation",
  "environment": {
    "git": {
      "commit": "8af0aafa0425b3f190b14fa63701990f0bd6d343",
      "dirty_paths": 263,
      "working_tree_clean": false
    },
    "platform": "Linux-6.12.13-x86_64-with-glibc2.41",
    "python": "3.13.5"
  },
  "error": null,
  "evidence_hash": "eb92f7b2b60b6c296d630e1c98705c6b2f11a8ff4fd8ab33f32dfea300ceeb55",
  "finished_at": "2026-07-27T23:58:03.027383+00:00",
  "result": {
    "acceptance": {
      "cancel_proved": true,
      "matching_capture_hash": true,
      "matching_restore_root": true,
      "retry_resume_proved": true
    },
    "cancellation": {
      "operation_id": "047e879d-14b7-41a5-a476-38620c0f6e64",
      "state": "cancelled"
    },
    "capture": {
      "archive_sha256": "1ac8be1f84f208ab6a62090a8106bd57a7c329341e8c8874e19df93c955008ff",
      "asset_count": 48,
      "capture_id": "synthetic-room-42-16",
      "checks": [
        {
          "byte_count": 192,
          "path": "frames/000000/confidence.u8",
          "sha256": "90b88ae002ea844ed07d6f59bb868b0b9eb89a32dd2d6eea551437ccaa2fc141",
          "valid": true
        },
        {
          "byte_count": 768,
          "path": "frames/000000/depth.f32",
          "sha256": "d8bded6f21ef777865b3d948f0eaad9dd1635d1764ec018fe68299e22af5a783",
          "valid": true
        },
        {
          "byte_count": 576,
          "path": "frames/000000/rgb.bin",
          "sha256": "9c1d2a9d201c927c8fe10d88accce0bf772cf476b8e329bf28af1256ff5835a8",
          "valid": true
        },
        {
          "byte_count": 192,
          "path": "frames/000001/confidence.u8",
          "sha256": "90b88ae002ea844ed07d6f59bb868b0b9eb89a32dd2d6eea551437ccaa2fc141",
          "valid": true
        },
        {
          "byte_count": 768,
          "path": "frames/000001/depth.f32",
          "sha256": "d39b03409e3a105065cb85149965b80e0fbc3a7c9bd8ed07e2b3eb60de29bafd",
          "valid": true
        },
        {
          "byte_count": 576,
          "path": "frames/000001/rgb.bin",
          "sha256": "6ca3ba9dc7d473985667004c632ae79458dcd791c7413758e5b5a49a157659aa",
          "valid": true
        },
        {
          "byte_count": 192,
          "path": "frames/000002/confidence.u8",
          "sha256": "90b88ae002ea844ed07d6f59bb868b0b9eb89a32dd2d6eea551437ccaa2fc141",
          "valid": true
        },
        {
          "byte_count": 768,
          "path": "frames/000002/depth.f32",
          "sha256": "154f78cf2f70a72cbb800ba82e8c6f2a2dcd93ac0c4443997895a58113a628db",
          "valid": true
        },
        {
          "byte_count": 576,
          "path": "frames/000002/rgb.bin",
          "sha256": "2a7def0d95a8038e4e1c6ed4cbc495d24bcc450241811f3170226bacbe4ef218",
          "valid": true
        },
        {
          "byte_count": 192,
          "path": "frames/000003/confidence.u8",
          "sha256": "90b88ae002ea844ed07d6f59bb868b0b9eb89a32dd2d6eea551437ccaa2fc141",
          "valid": true
        },
        {
          "byte_count": 768,
          "path": "frames/000003/depth.f32",
          "sha256": "5726338787fffd2d4c3597702c9aabda680f882d0b102e53b07633bf4833f0e8",
          "valid": true
        },
        {
          "byte_count": 576,
          "path": "frames/000003/rgb.bin",
          "sha256": "6f3980e5fc9853ca5b808eee7daa0a686366196a2fc486ccfb8ec167b9322ffa",
          "valid": true
        },
        {
          "byte_count": 192,
          "path": "frames/000004/confidence.u8",
          "sha256": "90b88ae002ea844ed07d6f59bb868b0b9eb89a32dd2d6eea551437ccaa2fc141",
          "valid": true
        },
        {
          "byte_count": 768,
          "path": "frames/000004/depth.f32",
          "sha256": "55c6ef6b449fade8f72a941003c128ae9f33816907ecefea83b8e3b96af31bc5",
          "valid": true
        },
        {
          "byte_count": 576,
          "path": "frames/000004/rgb.bin",
          "sha256": "3d3787525168b1d378eef538a271b45279e396c710801321af60d861124b9f86",
          "valid": true
        },
        {
          "byte_count": 192,
          "path": "frames/000005/confidence.u8",
          "sha256": "90b88ae002ea844ed07d6f59bb868b0b9eb89a32dd2d6eea551437ccaa2fc141",
          "valid": true
        },
        {
          "byte_count": 768,
          "path": "frames/000005/depth.f32",
          "sha256": "cbdfb902dfc6e2c76eb19bcccf6458c769849095454adb40a84ce559873cefe3",
          "valid": true
        },
        {
          "byte_count": 576,
          "path": "frames/000005/rgb.bin",
          "sha256": "4ff04a01c9b3dbcb6ae7b86f560c32a29fa20833c713df2ef3efd6db9adfde2e",
          "valid": true
        },
        {
          "byte_count": 192,
          "path": "frames/000006/confidence.u8",
          "sha256": "90b88ae002ea844ed07d6f59bb868b0b9eb89a32dd2d6eea551437ccaa2fc141",
          "valid": true
        },
        {
          "byte_count": 768,
          "path": "frames/000006/depth.f32",
          "sha256": "9892f4ca936db6763ec567b988f9b7616a89f994c43ff36f1d2f536ab86f05ac",
          "valid": true
        },
        {
          "byte_count": 576,
          "path": "frames/000006/rgb.bin",
          "sha256": "58697836b3d2fdacb752f71da97cceda512c5b9bf13ab5ae566991c276fd676f",
          "valid": true
        },
        {
          "byte_count": 192,
          "path": "frames/000007/confidence.u8",
          "sha256": "90b88ae002ea844ed07d6f59bb868b0b9eb89a32dd2d6eea551437ccaa2fc141",
          "valid": true
        },
        {
          "byte_count": 768,
          "path": "frames/000007/depth.f32",
          "sha256": "08178aabd942e6672873783027fa55589e25a5cb7db5bfbc175f9f8f49184897",
          "valid": true
        },
        {
          "byte_count": 576,
          "path": "frames/000007/rgb.bin",
          "sha256": "e96bd6f83e16c798395d3d49d4bc31b0e9cd274d51630cea7e533de85c170aad",
          "valid": true
        },
        {
          "byte_count": 192,
          "path": "frames/000008/confidence.u8",
          "sha256": "90b88ae002ea844ed07d6f59bb868b0b9eb89a32dd2d6eea551437ccaa2fc141",
          "valid": true
        },
        {
          "byte_count": 768,
          "path": "frames/000008/depth.f32",
          "sha256": "45445746aafbda7be3cd0bb6dbfa9783e4a229e36cf581f95a7c4a106702e64f",
          "valid": true
        },
        {
          "byte_count": 576,
          "path": "frames/000008/rgb.bin",
          "sha256": "320cac0a91e71109d769e2a640e073816cb32dcdef359a377347ebad7a1b8492",
          "valid": true
        },
        {
          "byte_count": 192,
          "path": "frames/000009/confidence.u8",
          "sha256": "90b88ae002ea844ed07d6f59bb868b0b9eb89a32dd2d6eea551437ccaa2fc141",
          "valid": true
        },
        {
          "byte_count": 768,
          "path": "frames/000009/depth.f32",
          "sha256": "00d708c43f29a1e787aeb64ea3c25bbdbb41debe93c09d58867148d254e2d33d",
          "valid": true
        },
        {
          "byte_count": 576,
          "path": "frames/000009/rgb.bin",
          "sha256": "61e64cec2a475f6379e95b2d4fef906f48f0c5ab9c0c5331cefeb8c817a7b74d",
          "valid": true
        },
        {
          "byte_count": 192,
          "path": "frames/000010/confidence.u8",
          "sha256": "90b88ae002ea844ed07d6f59bb868b0b9eb89a32dd2d6eea551437ccaa2fc141",
          "valid": true
        },
        {
          "byte_count": 768,
          "path": "frames/000010/depth.f32",
          "sha256": "daeeba8de88a70a7d516e1ee92ed607cd60755b9ca87ee7d8e7c05c7a5622a81",
          "valid": true
        },
        {
          "byte_count": 576,
          "path": "frames/000010/rgb.bin",
          "sha256": "c8cefa05e3be06878ffb9f466bf0e605fde6f1544fd6a5e89d89c9564abd2b58",
          "valid": true
        },
        {
          "byte_count": 192,
          "path": "frames/000011/confidence.u8",
          "sha256": "90b88ae002ea844ed07d6f59bb868b0b9eb89a32dd2d6eea551437ccaa2fc141",
          "valid": true
        },
        {
          "byte_count": 768,
          "path": "frames/000011/depth.f32",
          "sha256": "51527f8aaf11c2e86369654149abec087dceb9d477863899a008bab7d9f5a145",
          "valid": true
        },
        {
          "byte_count": 576,
          "path": "frames/000011/rgb.bin",
          "sha256": "6c0ba0b222bdeda124e4c5397882b04924d0046cec733bb3e5e92633704baa51",
          "valid": true
        },
        {
          "byte_count": 192,
          "path": "frames/000012/confidence.u8",
          "sha256": "90b88ae002ea844ed07d6f59bb868b0b9eb89a32dd2d6eea551437ccaa2fc141",
          "valid": true
        },
        {
          "byte_count": 768,
          "path": "frames/000012/depth.f32",
          "sha256": "b00279f286238da8846ba26b9d35614c43e67b64af9a8312d96481afdb675c04",
          "valid": true
        },
        {
          "byte_count": 576,
          "path": "frames/000012/rgb.bin",
          "sha256": "4810c6b18eac9252303ec0e837cf9413273a627eeb70cee5d00ecf64df2445c8",
          "valid": true
        },
        {
          "byte_count": 192,
          "path": "frames/000013/confidence.u8",
          "sha256": "90b88ae002ea844ed07d6f59bb868b0b9eb89a32dd2d6eea551437ccaa2fc141",
          "valid": true
        },
        {
          "byte_count": 768,
          "path": "frames/000013/depth.f32",
          "sha256": "854f3dd706be34881e0ba44ca4ce6c33423959f2cc0359c1770eb4b77a81c3a3",
          "valid": true
        },
        {
          "byte_count": 576,
          "path": "frames/000013/rgb.bin",
          "sha256": "492ca4ffac1f422d66e154622f0da2dac3d37d5ab9e6ca006c7924c8868b475f",
          "valid": true
        },
        {
          "byte_count": 192,
          "path": "frames/000014/confidence.u8",
          "sha256": "90b88ae002ea844ed07d6f59bb868b0b9eb89a32dd2d6eea551437ccaa2fc141",
          "valid": true
        },
        {
          "byte_count": 768,
          "path": "frames/000014/depth.f32",
          "sha256": "bb3544097785b5a0da2330b675fe15d53b512c2692f1d2bed7a10547847e33cb",
          "valid": true
        },
        {
          "byte_count": 576,
          "path": "frames/000014/rgb.bin",
          "sha256": "046e7016bd5e1de3ed6241d4fa56b3b1f320a4d2e32b033b00020319013eefe6",
          "valid": true
        },
        {
          "byte_count": 192,
          "path": "frames/000015/confidence.u8",
          "sha256": "90b88ae002ea844ed07d6f59bb868b0b9eb89a32dd2d6eea551437ccaa2fc141",
          "valid": true
        },
        {
          "byte_count": 768,
          "path": "frames/000015/depth.f32",
          "sha256": "3706a7cb786abd0d081ad19d84d586a24631402f796c504637fea28fc1e8c9fd",
          "valid": true
        },
        {
          "byte_count": 576,
          "path": "frames/000015/rgb.bin",
          "sha256": "f1fa1d9635928a59d19171fdc2fd995a36374cc6aa25d5db565df7c167aabe26",
          "valid": true
        }
      ],
      "frame_count": 16,
      "manifest": {
        "asset_merkle_root": "f4ccae0e7e4f4c6c01058bac9c436e4976113aeba6cc63eb7b88018e83730c50",
        "assets": [
          {
            "byte_count": 192,
            "media_type": "application/vnd.sip.confidence-u8",
            "path": "frames/000000/confidence.u8",
            "sha256": "90b88ae002ea844ed07d6f59bb868b0b9eb89a32dd2d6eea551437ccaa2fc141"
          },
          {
            "byte_count": 768,
            "media_type": "application/vnd.sip.depth-f32",
            "path": "frames/000000/depth.f32",
            "sha256": "d8bded6f21ef777865b3d948f0eaad9dd1635d1764ec018fe68299e22af5a783"
          },
          {
            "byte_count": 576,
            "media_type": "application/octet-stream",
            "path": "frames/000000/rgb.bin",
            "sha256": "9c1d2a9d201c927c8fe10d88accce0bf772cf476b8e329bf28af1256ff5835a8"
          },
          {
            "byte_count": 192,
            "media_type": "application/vnd.sip.confidence-u8",
            "path": "frames/000001/confidence.u8",
            "sha256": "90b88ae002ea844ed07d6f59bb868b0b9eb89a32dd2d6eea551437ccaa2fc141"
          },
          {
            "byte_count": 768,
            "media_type": "application/vnd.sip.depth-f32",
            "path": "frames/000001/depth.f32",
            "sha256": "d39b03409e3a105065cb85149965b80e0fbc3a7c9bd8ed07e2b3eb60de29bafd"
          },
          {
            "byte_count": 576,
            "media_type": "application/octet-stream",
            "path": "frames/000001/rgb.bin",
            "sha256": "6ca3ba9dc7d473985667004c632ae79458dcd791c7413758e5b5a49a157659aa"
          },
          {
            "byte_count": 192,
            "media_type": "application/vnd.sip.confidence-u8",
            "path": "frames/000002/confidence.u8",
            "sha256": "90b88ae002ea844ed07d6f59bb868b0b9eb89a32dd2d6eea551437ccaa2fc141"
          },
          {
            "byte_count": 768,
            "media_type": "application/vnd.sip.depth-f32",
            "path": "frames/000002/depth.f32",
            "sha256": "154f78cf2f70a72cbb800ba82e8c6f2a2dcd93ac0c4443997895a58113a628db"
          },
          {
            "byte_count": 576,
            "media_type": "application/octet-stream",
            "path": "frames/000002/rgb.bin",
            "sha256": "2a7def0d95a8038e4e1c6ed4cbc495d24bcc450241811f3170226bacbe4ef218"
          },
          {
            "byte_count": 192,
            "media_type": "application/vnd.sip.confidence-u8",
            "path": "frames/000003/confidence.u8",
            "sha256": "90b88ae002ea844ed07d6f59bb868b0b9eb89a32dd2d6eea551437ccaa2fc141"
          },
          {
            "byte_count": 768,
            "media_type": "application/vnd.sip.depth-f32",
            "path": "frames/000003/depth.f32",
            "sha256": "5726338787fffd2d4c3597702c9aabda680f882d0b102e53b07633bf4833f0e8"
          },
          {
            "byte_count": 576,
            "media_type": "application/octet-stream",
            "path": "frames/000003/rgb.bin",
            "sha256": "6f3980e5fc9853ca5b808eee7daa0a686366196a2fc486ccfb8ec167b9322ffa"
          },
          {
            "byte_count": 192,
            "media_type": "application/vnd.sip.confidence-u8",
            "path": "frames/000004/confidence.u8",
            "sha256": "90b88ae002ea844ed07d6f59bb868b0b9eb89a32dd2d6eea551437ccaa2fc141"
          },
          {
            "byte_count": 768,
            "media_type": "application/vnd.sip.depth-f32",
            "path": "frames/000004/depth.f32",
            "sha256": "55c6ef6b449fade8f72a941003c128ae9f33816907ecefea83b8e3b96af31bc5"
          },
          {
            "byte_count": 576,
            "media_type": "application/octet-stream",
            "path": "frames/000004/rgb.bin",
            "sha256": "3d3787525168b1d378eef538a271b45279e396c710801321af60d861124b9f86"
          },
          {
            "byte_count": 192,
            "media_type": "application/vnd.sip.confidence-u8",
            "path": "frames/000005/confidence.u8",
            "sha256": "90b88ae002ea844ed07d6f59bb868b0b9eb89a32dd2d6eea551437ccaa2fc141"
          },
          {
            "byte_count": 768,
            "media_type": "application/vnd.sip.depth-f32",
            "path": "frames/000005/depth.f32",
            "sha256": "cbdfb902dfc6e2c76eb19bcccf6458c769849095454adb40a84ce559873cefe3"
          },
          {
            "byte_count": 576,
            "media_type": "application/octet-stream",
            "path": "frames/000005/rgb.bin",
            "sha256": "4ff04a01c9b3dbcb6ae7b86f560c32a29fa20833c713df2ef3efd6db9adfde2e"
          },
          {
            "byte_count": 192,
            "media_type": "application/vnd.sip.confidence-u8",
            "path": "frames/000006/confidence.u8",
            "sha256": "90b88ae002ea844ed07d6f59bb868b0b9eb89a32dd2d6eea551437ccaa2fc141"
          },
          {
            "byte_count": 768,
            "media_type": "application/vnd.sip.depth-f32",
            "path": "frames/000006/depth.f32",
            "sha256": "9892f4ca936db6763ec567b988f9b7616a89f994c43ff36f1d2f536ab86f05ac"
          },
          {
            "byte_count": 576,
            "media_type": "application/octet-stream",
            "path": "frames/000006/rgb.bin",
            "sha256": "58697836b3d2fdacb752f71da97cceda512c5b9bf13ab5ae566991c276fd676f"
          },
          {
            "byte_count": 192,
            "media_type": "application/vnd.sip.confidence-u8",
            "path": "frames/000007/confidence.u8",
            "sha256": "90b88ae002ea844ed07d6f59bb868b0b9eb89a32dd2d6eea551437ccaa2fc141"
          },
          {
            "byte_count": 768,
            "media_type": "application/vnd.sip.depth-f32",
            "path": "frames/000007/depth.f32",
            "sha256": "08178aabd942e6672873783027fa55589e25a5cb7db5bfbc175f9f8f49184897"
          },
          {
            "byte_count": 576,
            "media_type": "application/octet-stream",
            "path": "frames/000007/rgb.bin",
            "sha256": "e96bd6f83e16c798395d3d49d4bc31b0e9cd274d51630cea7e533de85c170aad"
          },
          {
            "byte_count": 192,
            "media_type": "application/vnd.sip.confidence-u8",
            "path": "frames/000008/confidence.u8",
            "sha256": "90b88ae002ea844ed07d6f59bb868b0b9eb89a32dd2d6eea551437ccaa2fc141"
          },
          {
            "byte_count": 768,
            "media_type": "application/vnd.sip.depth-f32",
            "path": "frames/000008/depth.f32",
            "sha256": "45445746aafbda7be3cd0bb6dbfa9783e4a229e36cf581f95a7c4a106702e64f"
          },
          {
            "byte_count": 576,
            "media_type": "application/octet-stream",
            "path": "frames/000008/rgb.bin",
            "sha256": "320cac0a91e71109d769e2a640e073816cb32dcdef359a377347ebad7a1b8492"
          },
          {
            "byte_count": 192,
            "media_type": "application/vnd.sip.confidence-u8",
            "path": "frames/000009/confidence.u8",
            "sha256": "90b88ae002ea844ed07d6f59bb868b0b9eb89a32dd2d6eea551437ccaa2fc141"
          },
          {
            "byte_count": 768,
            "media_type": "application/vnd.sip.depth-f32",
            "path": "frames/000009/depth.f32",
            "sha256": "00d708c43f29a1e787aeb64ea3c25bbdbb41debe93c09d58867148d254e2d33d"
          },
          {
            "byte_count": 576,
            "media_type": "application/octet-stream",
            "path": "frames/000009/rgb.bin",
            "sha256": "61e64cec2a475f6379e95b2d4fef906f48f0c5ab9c0c5331cefeb8c817a7b74d"
          },
          {
            "byte_count": 192,
            "media_type": "application/vnd.sip.confidence-u8",
            "path": "frames/000010/confidence.u8",
            "sha256": "90b88ae002ea844ed07d6f59bb868b0b9eb89a32dd2d6eea551437ccaa2fc141"
          },
          {
            "byte_count": 768,
            "media_type": "application/vnd.sip.depth-f32",
            "path": "frames/000010/depth.f32",
            "sha256": "daeeba8de88a70a7d516e1ee92ed607cd60755b9ca87ee7d8e7c05c7a5622a81"
          },
          {
            "byte_count": 576,
            "media_type": "application/octet-stream",
            "path": "frames/000010/rgb.bin",
            "sha256": "c8cefa05e3be06878ffb9f466bf0e605fde6f1544fd6a5e89d89c9564abd2b58"
          },
          {
            "byte_count": 192,
            "media_type": "application/vnd.sip.confidence-u8",
            "path": "frames/000011/confidence.u8",
            "sha256": "90b88ae002ea844ed07d6f59bb868b0b9eb89a32dd2d6eea551437ccaa2fc141"
          },
          {
            "byte_count": 768,
            "media_type": "application/vnd.sip.depth-f32",
            "path": "frames/000011/depth.f32",
            "sha256": "51527f8aaf11c2e86369654149abec087dceb9d477863899a008bab7d9f5a145"
          },
          {
            "byte_count": 576,
            "media_type": "application/octet-stream",
            "path": "frames/000011/rgb.bin",
            "sha256": "6c0ba0b222bdeda124e4c5397882b04924d0046cec733bb3e5e92633704baa51"
          },
          {
            "byte_count": 192,
            "media_type": "application/vnd.sip.confidence-u8",
            "path": "frames/000012/confidence.u8",
            "sha256": "90b88ae002ea844ed07d6f59bb868b0b9eb89a32dd2d6eea551437ccaa2fc141"
          },
          {
            "byte_count": 768,
            "media_type": "application/vnd.sip.depth-f32",
            "path": "frames/000012/depth.f32",
            "sha256": "b00279f286238da8846ba26b9d35614c43e67b64af9a8312d96481afdb675c04"
          },
          {
            "byte_count": 576,
            "media_type": "application/octet-stream",
            "path": "frames/000012/rgb.bin",
            "sha256": "4810c6b18eac9252303ec0e837cf9413273a627eeb70cee5d00ecf64df2445c8"
          },
          {
            "byte_count": 192,
            "media_type": "application/vnd.sip.confidence-u8",
            "path": "frames/000013/confidence.u8",
            "sha256": "90b88ae002ea844ed07d6f59bb868b0b9eb89a32dd2d6eea551437ccaa2fc141"
          },
          {
            "byte_count": 768,
            "media_type": "application/vnd.sip.depth-f32",
            "path": "frames/000013/depth.f32",
            "sha256": "854f3dd706be34881e0ba44ca4ce6c33423959f2cc0359c1770eb4b77a81c3a3"
          },
          {
            "byte_count": 576,
            "media_type": "application/octet-stream",
            "path": "frames/000013/rgb.bin",
            "sha256": "492ca4ffac1f422d66e154622f0da2dac3d37d5ab9e6ca006c7924c8868b475f"
          },
          {
            "byte_count": 192,
            "media_type": "application/vnd.sip.confidence-u8",
            "path": "frames/000014/confidence.u8",
            "sha256": "90b88ae002ea844ed07d6f59bb868b0b9eb89a32dd2d6eea551437ccaa2fc141"
          },
          {
            "byte_count": 768,
            "media_type": "application/vnd.sip.depth-f32",
            "path": "frames/000014/depth.f32",
            "sha256": "bb3544097785b5a0da2330b675fe15d53b512c2692f1d2bed7a10547847e33cb"
          },
          {
            "byte_count": 576,
            "media_type": "application/octet-stream",
            "path": "frames/000014/rgb.bin",
            "sha256": "046e7016bd5e1de3ed6241d4fa56b3b1f320a4d2e32b033b00020319013eefe6"
          },
          {
            "byte_count": 192,
            "media_type": "application/vnd.sip.confidence-u8",
            "path": "frames/000015/confidence.u8",
            "sha256": "90b88ae002ea844ed07d6f59bb868b0b9eb89a32dd2d6eea551437ccaa2fc141"
          },
          {
            "byte_count": 768,
            "media_type": "application/vnd.sip.depth-f32",
            "path": "frames/000015/depth.f32",
            "sha256": "3706a7cb786abd0d081ad19d84d586a24631402f796c504637fea28fc1e8c9fd"
          },
          {
            "byte_count": 576,
            "media_type": "application/octet-stream",
            "path": "frames/000015/rgb.bin",
            "sha256": "f1fa1d9635928a59d19171fdc2fd995a36374cc6aa25d5db565df7c167aabe26"
          }
        ],
        "calibration": {
          "known_scale": true,
          "scale_source": "fixture_definition",
          "uncertainty_m": 0.001
        },
        "capture_id": "synthetic-room-42-16",
        "capture_source": "deterministic_synthetic_fixture",
        "coordinate_frames": [
          {
            "convention": "right_handed_y_up_meters",
            "frame_id": "world",
            "name": "fixture world",
            "units": "meter"
          }
        ],
        "created_at": "2026-01-01T00:00:00+00:00",
        "frames": [
          {
            "camera_to_world": [
              [
                1.0,
                0.0,
                0.0,
                0.0
              ],
              [
                0.0,
                1.0,
                0.0,
                1.5
              ],
              [
                -0.0,
                0.0,
                1.0,
                1.2
              ],
              [
                0.0,
                0.0,
                0.0,
                1.0
              ]
            ],
            "confidence_asset": "frames/000000/confidence.u8",
            "confidence_encoding": "arkit_0_low_1_medium_2_high",
            "depth_asset": "frames/000000/depth.f32",
            "depth_encoding": "float32_little_endian_meters",
            "depth_size": [
              16,
              12
            ],
            "exposure": {
              "duration_s": 0.008333333333333333,
              "iso": 100
            },
            "frame_id": "frame-000000",
            "image_size": [
              16,
              12
            ],
            "intrinsics": [
              [
                14.0,
                0.0,
                8.0
              ],
              [
                0.0,
                14.0,
                6.0
              ],
              [
                0.0,
                0.0,
                1.0
              ]
            ],
            "motion": {
              "acceleration_m_s2": [
                0.0,
                9.80665,
                0.0
              ],
              "angular_velocity_rad_s": [
                0.0,
                0.1,
                0.0
              ]
            },
            "pose_stream": "synthetic_metric",
            "quality": {
              "blur_score": 0.02,
              "coverage_hint": 0.0
            },
            "rgb_asset": "frames/000000/rgb.bin",
            "timestamp_ns": 1000000000,
            "tracking_state": "normal"
          },
          {
            "camera_to_world": [
              [
                0.9238795325112867,
                0.0,
                0.3826834323650898,
                0.4592201188381077
              ],
              [
                0.0,
                1.0,
                0.0,
                1.5
              ],
              [
                -0.3826834323650898,
                0.0,
                0.9238795325112867,
                1.1086554390135441
              ],
              [
                0.0,
                0.0,
                0.0,
                1.0
              ]
            ],
            "confidence_asset": "frames/000001/confidence.u8",
            "confidence_encoding": "arkit_0_low_1_medium_2_high",
            "depth_asset": "frames/000001/depth.f32",
            "depth_encoding": "float32_little_endian_meters",
            "depth_size": [
              16,
              12
            ],
            "exposure": {
              "duration_s": 0.008333333333333333,
              "iso": 100
            },
            "frame_id": "frame-000001",
            "image_size": [
              16,
              12
            ],
            "intrinsics": [
              [
                14.0,
                0.0,
                8.0
              ],
              [
                0.0,
                14.0,
                6.0
              ],
              [
                0.0,
                0.0,
                1.0
              ]
            ],
            "motion": {
              "acceleration_m_s2": [
                0.0,
                9.80665,
                0.0
              ],
              "angular_velocity_rad_s": [
                0.0,
                0.1,
                0.0
              ]
            },
            "pose_stream": "synthetic_metric",
            "quality": {
              "blur_score": 0.02,
              "coverage_hint": 0.0625
            },
            "rgb_asset": "frames/000001/rgb.bin",
            "timestamp_ns": 1100000000,
            "tracking_state": "normal"
          },
          {
            "camera_to_world": [
              [
                0.7071067811865476,
                0.0,
                0.7071067811865475,
                0.8485281374238569
              ],
              [
                0.0,
                1.0,
                0.0,
                1.5
              ],
              [
                -0.7071067811865475,
                0.0,
                0.7071067811865476,
                0.848528137423857
              ],
              [
                0.0,
                0.0,
                0.0,
                1.0
              ]
            ],
            "confidence_asset": "frames/000002/confidence.u8",
            "confidence_encoding": "arkit_0_low_1_medium_2_high",
            "depth_asset": "frames/000002/depth.f32",
            "depth_encoding": "float32_little_endian_meters",
            "depth_size": [
              16,
              12
            ],
            "exposure": {
              "duration_s": 0.008333333333333333,
              "iso": 100
            },
            "frame_id": "frame-000002",
            "image_size": [
              16,
              12
            ],
            "intrinsics": [
              [
                14.0,
                0.0,
                8.0
              ],
              [
                0.0,
                14.0,
                6.0
              ],
              [
                0.0,
                0.0,
                1.0
              ]
            ],
            "motion": {
              "acceleration_m_s2": [
                0.0,
                9.80665,
                0.0
              ],
              "angular_velocity_rad_s": [
                0.0,
                0.1,
                0.0
              ]
            },
            "pose_stream": "synthetic_metric",
            "quality": {
              "blur_score": 0.02,
              "coverage_hint": 0.125
            },
            "rgb_asset": "frames/000002/rgb.bin",
            "timestamp_ns": 1200000000,
            "tracking_state": "normal"
          },
          {
            "camera_to_world": [
              [
                0.38268343236508984,
                0.0,
                0.9238795325112867,
                1.1086554390135441
              ],
              [
                0.0,
                1.0,
                0.0,
                1.5
              ],
              [
                -0.9238795325112867,
                0.0,
                0.38268343236508984,
                0.45922011883810776
              ],
              [
                0.0,
                0.0,
                0.0,
                1.0
              ]
            ],
            "confidence_asset": "frames/000003/confidence.u8",
            "confidence_encoding": "arkit_0_low_1_medium_2_high",
            "depth_asset": "frames/000003/depth.f32",
            "depth_encoding": "float32_little_endian_meters",
            "depth_size": [
              16,
              12
            ],
            "exposure": {
              "duration_s": 0.008333333333333333,
              "iso": 100
            },
            "frame_id": "frame-000003",
            "image_size": [
              16,
              12
            ],
            "intrinsics": [
              [
                14.0,
                0.0,
                8.0
              ],
              [
                0.0,
                14.0,
                6.0
              ],
              [
                0.0,
                0.0,
                1.0
              ]
            ],
            "motion": {
              "acceleration_m_s2": [
                0.0,
                9.80665,
                0.0
              ],
              "angular_velocity_rad_s": [
                0.0,
                0.1,
                0.0
              ]
            },
            "pose_stream": "synthetic_metric",
            "quality": {
              "blur_score": 0.02,
              "coverage_hint": 0.1875
            },
            "rgb_asset": "frames/000003/rgb.bin",
            "timestamp_ns": 1300000000,
            "tracking_state": "normal"
          },
          {
            "camera_to_world": [
              [
                6.123233995736766e-17,
                0.0,
                1.0,
                1.2
              ],
              [
                0.0,
                1.0,
                0.0,
                1.5
              ],
              [
                -1.0,
                0.0,
                6.123233995736766e-17,
                7.347880794884119e-17
              ],
              [
                0.0,
                0.0,
                0.0,
                1.0
              ]
            ],
            "confidence_asset": "frames/000004/confidence.u8",
            "confidence_encoding": "arkit_0_low_1_medium_2_high",
            "depth_asset": "frames/000004/depth.f32",
            "depth_encoding": "float32_little_endian_meters",
            "depth_size": [
              16,
              12
            ],
            "exposure": {
              "duration_s": 0.008333333333333333,
              "iso": 100
            },
            "frame_id": "frame-000004",
            "image_size": [
              16,
              12
            ],
            "intrinsics": [
              [
                14.0,
                0.0,
                8.0
              ],
              [
                0.0,
                14.0,
                6.0
              ],
              [
                0.0,
                0.0,
                1.0
              ]
            ],
            "motion": {
              "acceleration_m_s2": [
                0.0,
                9.80665,
                0.0
              ],
              "angular_velocity_rad_s": [
                0.0,
                0.1,
                0.0
              ]
            },
            "pose_stream": "synthetic_metric",
            "quality": {
              "blur_score": 0.02,
              "coverage_hint": 0.25
            },
            "rgb_asset": "frames/000004/rgb.bin",
            "timestamp_ns": 1400000000,
            "tracking_state": "normal"
          },
          {
            "camera_to_world": [
              [
                -0.3826834323650897,
                0.0,
                0.9238795325112867,
                1.1086554390135441
              ],
              [
                0.0,
                1.0,
                0.0,
                1.5
              ],
              [
                -0.9238795325112867,
                0.0,
                -0.3826834323650897,
                -0.45922011883810765
              ],
              [
                0.0,
                0.0,
                0.0,
                1.0
              ]
            ],
            "confidence_asset": "frames/000005/confidence.u8",
            "confidence_encoding": "arkit_0_low_1_medium_2_high",
            "depth_asset": "frames/000005/depth.f32",
            "depth_encoding": "float32_little_endian_meters",
            "depth_size": [
              16,
              12
            ],
            "exposure": {
              "duration_s": 0.008333333333333333,
              "iso": 100
            },
            "frame_id": "frame-000005",
            "image_size": [
              16,
              12
            ],
            "intrinsics": [
              [
                14.0,
                0.0,
                8.0
              ],
              [
                0.0,
                14.0,
                6.0
              ],
              [
                0.0,
                0.0,
                1.0
              ]
            ],
            "motion": {
              "acceleration_m_s2": [
                0.0,
                9.80665,
                0.0
              ],
              "angular_velocity_rad_s": [
                0.0,
                0.1,
                0.0
              ]
            },
            "pose_stream": "synthetic_metric",
            "quality": {
              "blur_score": 0.02,
              "coverage_hint": 0.3125
            },
            "rgb_asset": "frames/000005/rgb.bin",
            "timestamp_ns": 1500000000,
            "tracking_state": "normal"
          },
          {
            "camera_to_world": [
              [
                -0.7071067811865475,
                0.0,
                0.7071067811865476,
                0.848528137423857
              ],
              [
                0.0,
                1.0,
                0.0,
                1.5
              ],
              [
                -0.7071067811865476,
                0.0,
                -0.7071067811865475,
                -0.8485281374238569
              ],
              [
                0.0,
                0.0,
                0.0,
                1.0
              ]
            ],
            "confidence_asset": "frames/000006/confidence.u8",
            "confidence_encoding": "arkit_0_low_1_medium_2_high",
            "depth_asset": "frames/000006/depth.f32",
            "depth_encoding": "float32_little_endian_meters",
            "depth_size": [
              16,
              12
            ],
            "exposure": {
              "duration_s": 0.008333333333333333,
              "iso": 100
            },
            "frame_id": "frame-000006",
            "image_size": [
              16,
              12
            ],
            "intrinsics": [
              [
                14.0,
                0.0,
                8.0
              ],
              [
                0.0,
                14.0,
                6.0
              ],
              [
                0.0,
                0.0,
                1.0
              ]
            ],
            "motion": {
              "acceleration_m_s2": [
                0.0,
                9.80665,
                0.0
              ],
              "angular_velocity_rad_s": [
                0.0,
                0.1,
                0.0
              ]
            },
            "pose_stream": "synthetic_metric",
            "quality": {
              "blur_score": 0.02,
              "coverage_hint": 0.375
            },
            "rgb_asset": "frames/000006/rgb.bin",
            "timestamp_ns": 1600000000,
            "tracking_state": "normal"
          },
          {
            "camera_to_world": [
              [
                -0.9238795325112867,
                0.0,
                0.3826834323650899,
                0.45922011883810787
              ],
              [
                0.0,
                1.0,
                0.0,
                1.5
              ],
              [
                -0.3826834323650899,
                0.0,
                -0.9238795325112867,
                -1.1086554390135441
              ],
              [
                0.0,
                0.0,
                0.0,
                1.0
              ]
            ],
            "confidence_asset": "frames/000007/confidence.u8",
            "confidence_encoding": "arkit_0_low_1_medium_2_high",
            "depth_asset": "frames/000007/depth.f32",
            "depth_encoding": "float32_little_endian_meters",
            "depth_size": [
              16,
              12
            ],
            "exposure": {
              "duration_s": 0.008333333333333333,
              "iso": 100
            },
            "frame_id": "frame-000007",
            "image_size": [
              16,
              12
            ],
            "intrinsics": [
              [
                14.0,
                0.0,
                8.0
              ],
              [
                0.0,
                14.0,
                6.0
              ],
              [
                0.0,
                0.0,
                1.0
              ]
            ],
            "motion": {
              "acceleration_m_s2": [
                0.0,
                9.80665,
                0.0
              ],
              "angular_velocity_rad_s": [
                0.0,
                0.1,
                0.0
              ]
            },
            "pose_stream": "synthetic_metric",
            "quality": {
              "blur_score": 0.02,
              "coverage_hint": 0.4375
            },
            "rgb_asset": "frames/000007/rgb.bin",
            "timestamp_ns": 1700000000,
            "tracking_state": "normal"
          },
          {
            "camera_to_world": [
              [
                -1.0,
                0.0,
                1.2246467991473532e-16,
                1.4695761589768238e-16
              ],
              [
                0.0,
                1.0,
                0.0,
                1.5
              ],
              [
                -1.2246467991473532e-16,
                0.0,
                -1.0,
                -1.2
              ],
              [
                0.0,
                0.0,
                0.0,
                1.0
              ]
            ],
            "confidence_asset": "frames/000008/confidence.u8",
            "confidence_encoding": "arkit_0_low_1_medium_2_high",
            "depth_asset": "frames/000008/depth.f32",
            "depth_encoding": "float32_little_endian_meters",
            "depth_size": [
              16,
              12
            ],
            "exposure": {
              "duration_s": 0.008333333333333333,
              "iso": 100
            },
            "frame_id": "frame-000008",
            "image_size": [
              16,
              12
            ],
            "intrinsics": [
              [
                14.0,
                0.0,
                8.0
              ],
              [
                0.0,
                14.0,
                6.0
              ],
              [
                0.0,
                0.0,
                1.0
              ]
            ],
            "motion": {
              "acceleration_m_s2": [
                0.0,
                9.80665,
                0.0
              ],
              "angular_velocity_rad_s": [
                0.0,
                0.1,
                0.0
              ]
            },
            "pose_stream": "synthetic_metric",
            "quality": {
              "blur_score": 0.02,
              "coverage_hint": 0.5
            },
            "rgb_asset": "frames/000008/rgb.bin",
            "timestamp_ns": 1800000000,
            "tracking_state": "normal"
          },
          {
            "camera_to_world": [
              [
                -0.9238795325112868,
                0.0,
                -0.38268343236508967,
                -0.4592201188381076
              ],
              [
                0.0,
                1.0,
                0.0,
                1.5
              ],
              [
                0.38268343236508967,
                0.0,
                -0.9238795325112868,
                -1.1086554390135441
              ],
              [
                0.0,
                0.0,
                0.0,
                1.0
              ]
            ],
            "confidence_asset": "frames/000009/confidence.u8",
            "confidence_encoding": "arkit_0_low_1_medium_2_high",
            "depth_asset": "frames/000009/depth.f32",
            "depth_encoding": "float32_little_endian_meters",
            "depth_size": [
              16,
              12
            ],
            "exposure": {
              "duration_s": 0.008333333333333333,
              "iso": 100
            },
            "frame_id": "frame-000009",
            "image_size": [
              16,
              12
            ],
            "intrinsics": [
              [
                14.0,
                0.0,
                8.0
              ],
              [
                0.0,
                14.0,
                6.0
              ],
              [
                0.0,
                0.0,
                1.0
              ]
            ],
            "motion": {
              "acceleration_m_s2": [
                0.0,
                9.80665,
                0.0
              ],
              "angular_velocity_rad_s": [
                0.0,
                0.1,
                0.0
              ]
            },
            "pose_stream": "synthetic_metric",
            "quality": {
              "blur_score": 0.02,
              "coverage_hint": 0.5625
            },
            "rgb_asset": "frames/000009/rgb.bin",
            "timestamp_ns": 1900000000,
            "tracking_state": "normal"
          },
          {
            "camera_to_world": [
              [
                -0.7071067811865477,
                0.0,
                -0.7071067811865475,
                -0.8485281374238569
              ],
              [
                0.0,
                1.0,
                0.0,
                1.5
              ],
              [
                0.7071067811865475,
                0.0,
                -0.7071067811865477,
                -0.8485281374238572
              ],
              [
                0.0,
                0.0,
                0.0,
                1.0
              ]
            ],
            "confidence_asset": "frames/000010/confidence.u8",
            "confidence_encoding": "arkit_0_low_1_medium_2_high",
            "depth_asset": "frames/000010/depth.f32",
            "depth_encoding": "float32_little_endian_meters",
            "depth_size": [
              16,
              12
            ],
            "exposure": {
              "duration_s": 0.008333333333333333,
              "iso": 100
            },
            "frame_id": "frame-000010",
            "image_size": [
              16,
              12
            ],
            "intrinsics": [
              [
                14.0,
                0.0,
                8.0
              ],
              [
                0.0,
                14.0,
                6.0
              ],
              [
                0.0,
                0.0,
                1.0
              ]
            ],
            "motion": {
              "acceleration_m_s2": [
                0.0,
                9.80665,
                0.0
              ],
              "angular_velocity_rad_s": [
                0.0,
                0.1,
                0.0
              ]
            },
            "pose_stream": "synthetic_metric",
            "quality": {
              "blur_score": 0.02,
              "coverage_hint": 0.625
            },
            "rgb_asset": "frames/000010/rgb.bin",
            "timestamp_ns": 2000000000,
            "tracking_state": "normal"
          },
          {
            "camera_to_world": [
              [
                -0.38268343236509034,
                0.0,
                -0.9238795325112865,
                -1.1086554390135437
              ],
              [
                0.0,
                1.0,
                0.0,
                1.5
              ],
              [
                0.9238795325112865,
                0.0,
                -0.38268343236509034,
                -0.45922011883810837
              ],
              [
                0.0,
                0.0,
                0.0,
                1.0
              ]
            ],
            "confidence_asset": "frames/000011/confidence.u8",
            "confidence_encoding": "arkit_0_low_1_medium_2_high",
            "depth_asset": "frames/000011/depth.f32",
            "depth_encoding": "float32_little_endian_meters",
            "depth_size": [
              16,
              12
            ],
            "exposure": {
              "duration_s": 0.008333333333333333,
              "iso": 100
            },
            "frame_id": "frame-000011",
            "image_size": [
              16,
              12
            ],
            "intrinsics": [
              [
                14.0,
                0.0,
                8.0
              ],
              [
                0.0,
                14.0,
                6.0
              ],
              [
                0.0,
                0.0,
                1.0
              ]
            ],
            "motion": {
              "acceleration_m_s2": [
                0.0,
                9.80665,
                0.0
              ],
              "angular_velocity_rad_s": [
                0.0,
                0.1,
                0.0
              ]
            },
            "pose_stream": "synthetic_metric",
            "quality": {
              "blur_score": 0.02,
              "coverage_hint": 0.6875
            },
            "rgb_asset": "frames/000011/rgb.bin",
            "timestamp_ns": 2100000000,
            "tracking_state": "normal"
          },
          {
            "camera_to_world": [
              [
                -1.8369701987210297e-16,
                0.0,
                -1.0,
                -1.2
              ],
              [
                0.0,
                1.0,
                0.0,
                1.5
              ],
              [
                1.0,
                0.0,
                -1.8369701987210297e-16,
                -2.2043642384652356e-16
              ],
              [
                0.0,
                0.0,
                0.0,
                1.0
              ]
            ],
            "confidence_asset": "frames/000012/confidence.u8",
            "confidence_encoding": "arkit_0_low_1_medium_2_high",
            "depth_asset": "frames/000012/depth.f32",
            "depth_encoding": "float32_little_endian_meters",
            "depth_size": [
              16,
              12
            ],
            "exposure": {
              "duration_s": 0.008333333333333333,
              "iso": 100
            },
            "frame_id": "frame-000012",
            "image_size": [
              16,
              12
            ],
            "intrinsics": [
              [
                14.0,
                0.0,
                8.0
              ],
              [
                0.0,
                14.0,
                6.0
              ],
              [
                0.0,
                0.0,
                1.0
              ]
            ],
            "motion": {
              "acceleration_m_s2": [
                0.0,
                9.80665,
                0.0
              ],
              "angular_velocity_rad_s": [
                0.0,
                0.1,
                0.0
              ]
            },
            "pose_stream": "synthetic_metric",
            "quality": {
              "blur_score": 0.02,
              "coverage_hint": 0.75
            },
            "rgb_asset": "frames/000012/rgb.bin",
            "timestamp_ns": 2200000000,
            "tracking_state": "normal"
          },
          {
            "camera_to_world": [
              [
                0.38268343236509,
                0.0,
                -0.9238795325112866,
                -1.108655439013544
              ],
              [
                0.0,
                1.0,
                0.0,
                1.5
              ],
              [
                0.9238795325112866,
                0.0,
                0.38268343236509,
                0.459220118838108
              ],
              [
                0.0,
                0.0,
                0.0,
                1.0
              ]
            ],
            "confidence_asset": "frames/000013/confidence.u8",
            "confidence_encoding": "arkit_0_low_1_medium_2_high",
            "depth_asset": "frames/000013/depth.f32",
            "depth_encoding": "float32_little_endian_meters",
            "depth_size": [
              16,
              12
            ],
            "exposure": {
              "duration_s": 0.008333333333333333,
              "iso": 100
            },
            "frame_id": "frame-000013",
            "image_size": [
              16,
              12
            ],
            "intrinsics": [
              [
                14.0,
                0.0,
                8.0
              ],
              [
                0.0,
                14.0,
                6.0
              ],
              [
                0.0,
                0.0,
                1.0
              ]
            ],
            "motion": {
              "acceleration_m_s2": [
                0.0,
                9.80665,
                0.0
              ],
              "angular_velocity_rad_s": [
                0.0,
                0.1,
                0.0
              ]
            },
            "pose_stream": "synthetic_metric",
            "quality": {
              "blur_score": 0.02,
              "coverage_hint": 0.8125
            },
            "rgb_asset": "frames/000013/rgb.bin",
            "timestamp_ns": 2300000000,
            "tracking_state": "normal"
          },
          {
            "camera_to_world": [
              [
                0.7071067811865474,
                0.0,
                -0.7071067811865477,
                -0.8485281374238572
              ],
              [
                0.0,
                1.0,
                0.0,
                1.5
              ],
              [
                0.7071067811865477,
                0.0,
                0.7071067811865474,
                0.8485281374238568
              ],
              [
                0.0,
                0.0,
                0.0,
                1.0
              ]
            ],
            "confidence_asset": "frames/000014/confidence.u8",
            "confidence_encoding": "arkit_0_low_1_medium_2_high",
            "depth_asset": "frames/000014/depth.f32",
            "depth_encoding": "float32_little_endian_meters",
            "depth_size": [
              16,
              12
            ],
            "exposure": {
              "duration_s": 0.008333333333333333,
              "iso": 100
            },
            "frame_id": "frame-000014",
            "image_size": [
              16,
              12
            ],
            "intrinsics": [
              [
                14.0,
                0.0,
                8.0
              ],
              [
                0.0,
                14.0,
                6.0
              ],
              [
                0.0,
                0.0,
                1.0
              ]
            ],
            "motion": {
              "acceleration_m_s2": [
                0.0,
                9.80665,
                0.0
              ],
              "angular_velocity_rad_s": [
                0.0,
                0.1,
                0.0
              ]
            },
            "pose_stream": "synthetic_metric",
            "quality": {
              "blur_score": 0.02,
              "coverage_hint": 0.875
            },
            "rgb_asset": "frames/000014/rgb.bin",
            "timestamp_ns": 2400000000,
            "tracking_state": "normal"
          },
          {
            "camera_to_world": [
              [
                0.9238795325112865,
                0.0,
                -0.3826834323650904,
                -0.4592201188381084
              ],
              [
                0.0,
                1.0,
                0.0,
                1.5
              ],
              [
                0.3826834323650904,
                0.0,
                0.9238795325112865,
                1.1086554390135437
              ],
              [
                0.0,
                0.0,
                0.0,
                1.0
              ]
            ],
            "confidence_asset": "frames/000015/confidence.u8",
            "confidence_encoding": "arkit_0_low_1_medium_2_high",
            "depth_asset": "frames/000015/depth.f32",
            "depth_encoding": "float32_little_endian_meters",
            "depth_size": [
              16,
              12
            ],
            "exposure": {
              "duration_s": 0.008333333333333333,
              "iso": 100
            },
            "frame_id": "frame-000015",
            "image_size": [
              16,
              12
            ],
            "intrinsics": [
              [
                14.0,
                0.0,
                8.0
              ],
              [
                0.0,
                14.0,
                6.0
              ],
              [
                0.0,
                0.0,
                1.0
              ]
            ],
            "motion": {
              "acceleration_m_s2": [
                0.0,
                9.80665,
                0.0
              ],
              "angular_velocity_rad_s": [
                0.0,
                0.1,
                0.0
              ]
            },
            "pose_stream": "synthetic_metric",
            "quality": {
              "blur_score": 0.02,
              "coverage_hint": 0.9375
            },
            "rgb_asset": "frames/000015/rgb.bin",
            "timestamp_ns": 2500000000,
            "tracking_state": "normal"
          }
        ],
        "mesh_anchors": [],
        "motion_samples": [],
        "privacy": {
          "contains_people": false,
          "redactions": []
        },
        "provenance": {
          "generator": "sip.capture.create_synthetic_room_capture",
          "seed": 42
        },
        "restricted_regions": [],
        "root_hash": "3801ced4a8aa3708e16807a72334543849a9c73a9ebd3d4977ec35d306ed8119",
        "schema_version": "1.0.0",
        "semantic_hash": "91fd532f43b9df0258f877311fcc96c5c4ee5f9490aa67ec2b461aae855c46f4"
      },
      "path": "/mnt/data/sip-hybrid-work/runtime/demo/foundation/input/synthetic-room.sipcapture",
      "root_hash": "3801ced4a8aa3708e16807a72334543849a9c73a9ebd3d4977ec35d306ed8119",
      "schema_version": "1.0.0",
      "valid": true,
      "validation": {
        "archive_sha256": "1ac8be1f84f208ab6a62090a8106bd57a7c329341e8c8874e19df93c955008ff",
        "asset_count": 48,
        "capture_id": "synthetic-room-42-16",
        "checks": [
          {
            "byte_count": 192,
            "path": "frames/000000/confidence.u8",
            "sha256": "90b88ae002ea844ed07d6f59bb868b0b9eb89a32dd2d6eea551437ccaa2fc141",
            "valid": true
          },
          {
            "byte_count": 768,
            "path": "frames/000000/depth.f32",
            "sha256": "d8bded6f21ef777865b3d948f0eaad9dd1635d1764ec018fe68299e22af5a783",
            "valid": true
          },
          {
            "byte_count": 576,
            "path": "frames/000000/rgb.bin",
            "sha256": "9c1d2a9d201c927c8fe10d88accce0bf772cf476b8e329bf28af1256ff5835a8",
            "valid": true
          },
          {
            "byte_count": 192,
            "path": "frames/000001/confidence.u8",
            "sha256": "90b88ae002ea844ed07d6f59bb868b0b9eb89a32dd2d6eea551437ccaa2fc141",
            "valid": true
          },
          {
            "byte_count": 768,
            "path": "frames/000001/depth.f32",
            "sha256": "d39b03409e3a105065cb85149965b80e0fbc3a7c9bd8ed07e2b3eb60de29bafd",
            "valid": true
          },
          {
            "byte_count": 576,
            "path": "frames/000001/rgb.bin",
            "sha256": "6ca3ba9dc7d473985667004c632ae79458dcd791c7413758e5b5a49a157659aa",
            "valid": true
          },
          {
            "byte_count": 192,
            "path": "frames/000002/confidence.u8",
            "sha256": "90b88ae002ea844ed07d6f59bb868b0b9eb89a32dd2d6eea551437ccaa2fc141",
            "valid": true
          },
          {
            "byte_count": 768,
            "path": "frames/000002/depth.f32",
            "sha256": "154f78cf2f70a72cbb800ba82e8c6f2a2dcd93ac0c4443997895a58113a628db",
            "valid": true
          },
          {
            "byte_count": 576,
            "path": "frames/000002/rgb.bin",
            "sha256": "2a7def0d95a8038e4e1c6ed4cbc495d24bcc450241811f3170226bacbe4ef218",
            "valid": true
          },
          {
            "byte_count": 192,
            "path": "frames/000003/confidence.u8",
            "sha256": "90b88ae002ea844ed07d6f59bb868b0b9eb89a32dd2d6eea551437ccaa2fc141",
            "valid": true
          },
          {
            "byte_count": 768,
            "path": "frames/000003/depth.f32",
            "sha256": "5726338787fffd2d4c3597702c9aabda680f882d0b102e53b07633bf4833f0e8",
            "valid": true
          },
          {
            "byte_count": 576,
            "path": "frames/000003/rgb.bin",
            "sha256": "6f3980e5fc9853ca5b808eee7daa0a686366196a2fc486ccfb8ec167b9322ffa",
            "valid": true
          },
          {
            "byte_count": 192,
            "path": "frames/000004/confidence.u8",
            "sha256": "90b88ae002ea844ed07d6f59bb868b0b9eb89a32dd2d6eea551437ccaa2fc141",
            "valid": true
          },
          {
            "byte_count": 768,
            "path": "frames/000004/depth.f32",
            "sha256": "55c6ef6b449fade8f72a941003c128ae9f33816907ecefea83b8e3b96af31bc5",
            "valid": true
          },
          {
            "byte_count": 576,
            "path": "frames/000004/rgb.bin",
            "sha256": "3d3787525168b1d378eef538a271b45279e396c710801321af60d861124b9f86",
            "valid": true
          },
          {
            "byte_count": 192,
            "path": "frames/000005/confidence.u8",
            "sha256": "90b88ae002ea844ed07d6f59bb868b0b9eb89a32dd2d6eea551437ccaa2fc141",
            "valid": true
          },
          {
            "byte_count": 768,
            "path": "frames/000005/depth.f32",
            "sha256": "cbdfb902dfc6e2c76eb19bcccf6458c769849095454adb40a84ce559873cefe3",
            "valid": true
          },
          {
            "byte_count": 576,
            "path": "frames/000005/rgb.bin",
            "sha256": "4ff04a01c9b3dbcb6ae7b86f560c32a29fa20833c713df2ef3efd6db9adfde2e",
            "valid": true
          },
          {
            "byte_count": 192,
            "path": "frames/000006/confidence.u8",
            "sha256": "90b88ae002ea844ed07d6f59bb868b0b9eb89a32dd2d6eea551437ccaa2fc141",
            "valid": true
          },
          {
            "byte_count": 768,
            "path": "frames/000006/depth.f32",
            "sha256": "9892f4ca936db6763ec567b988f9b7616a89f994c43ff36f1d2f536ab86f05ac",
            "valid": true
          },
          {
            "byte_count": 576,
            "path": "frames/000006/rgb.bin",
            "sha256": "58697836b3d2fdacb752f71da97cceda512c5b9bf13ab5ae566991c276fd676f",
            "valid": true
          },
          {
            "byte_count": 192,
            "path": "frames/000007/confidence.u8",
            "sha256": "90b88ae002ea844ed07d6f59bb868b0b9eb89a32dd2d6eea551437ccaa2fc141",
            "valid": true
          },
          {
            "byte_count": 768,
            "path": "frames/000007/depth.f32",
            "sha256": "08178aabd942e6672873783027fa55589e25a5cb7db5bfbc175f9f8f49184897",
            "valid": true
          },
          {
            "byte_count": 576,
            "path": "frames/000007/rgb.bin",
            "sha256": "e96bd6f83e16c798395d3d49d4bc31b0e9cd274d51630cea7e533de85c170aad",
            "valid": true
          },
          {
            "byte_count": 192,
            "path": "frames/000008/confidence.u8",
            "sha256": "90b88ae002ea844ed07d6f59bb868b0b9eb89a32dd2d6eea551437ccaa2fc141",
            "valid": true
          },
          {
            "byte_count": 768,
            "path": "frames/000008/depth.f32",
            "sha256": "45445746aafbda7be3cd0bb6dbfa9783e4a229e36cf581f95a7c4a106702e64f",
            "valid": true
          },
          {
            "byte_count": 576,
            "path": "frames/000008/rgb.bin",
            "sha256": "320cac0a91e71109d769e2a640e073816cb32dcdef359a377347ebad7a1b8492",
            "valid": true
          },
          {
            "byte_count": 192,
            "path": "frames/000009/confidence.u8",
            "sha256": "90b88ae002ea844ed07d6f59bb868b0b9eb89a32dd2d6eea551437ccaa2fc141",
            "valid": true
          },
          {
            "byte_count": 768,
            "path": "frames/000009/depth.f32",
            "sha256": "00d708c43f29a1e787aeb64ea3c25bbdbb41debe93c09d58867148d254e2d33d",
            "valid": true
          },
          {
            "byte_count": 576,
            "path": "frames/000009/rgb.bin",
            "sha256": "61e64cec2a475f6379e95b2d4fef906f48f0c5ab9c0c5331cefeb8c817a7b74d",
            "valid": true
          },
          {
            "byte_count": 192,
            "path": "frames/000010/confidence.u8",
            "sha256": "90b88ae002ea844ed07d6f59bb868b0b9eb89a32dd2d6eea551437ccaa2fc141",
            "valid": true
          },
          {
            "byte_count": 768,
            "path": "frames/000010/depth.f32",
            "sha256": "daeeba8de88a70a7d516e1ee92ed607cd60755b9ca87ee7d8e7c05c7a5622a81",
            "valid": true
          },
          {
            "byte_count": 576,
            "path": "frames/000010/rgb.bin",
            "sha256": "c8cefa05e3be06878ffb9f466bf0e605fde6f1544fd6a5e89d89c9564abd2b58",
            "valid": true
          },
          {
            "byte_count": 192,
            "path": "frames/000011/confidence.u8",
            "sha256": "90b88ae002ea844ed07d6f59bb868b0b9eb89a32dd2d6eea551437ccaa2fc141",
            "valid": true
          },
          {
            "byte_count": 768,
            "path": "frames/000011/depth.f32",
            "sha256": "51527f8aaf11c2e86369654149abec087dceb9d477863899a008bab7d9f5a145",
            "valid": true
          },
          {
            "byte_count": 576,
            "path": "frames/000011/rgb.bin",
            "sha256": "6c0ba0b222bdeda124e4c5397882b04924d0046cec733bb3e5e92633704baa51",
            "valid": true
          },
          {
            "byte_count": 192,
            "path": "frames/000012/confidence.u8",
            "sha256": "90b88ae002ea844ed07d6f59bb868b0b9eb89a32dd2d6eea551437ccaa2fc141",
            "valid": true
          },
          {
            "byte_count": 768,
            "path": "frames/000012/depth.f32",
            "sha256": "b00279f286238da8846ba26b9d35614c43e67b64af9a8312d96481afdb675c04",
            "valid": true
          },
          {
            "byte_count": 576,
            "path": "frames/000012/rgb.bin",
            "sha256": "4810c6b18eac9252303ec0e837cf9413273a627eeb70cee5d00ecf64df2445c8",
            "valid": true
          },
          {
            "byte_count": 192,
            "path": "frames/000013/confidence.u8",
            "sha256": "90b88ae002ea844ed07d6f59bb868b0b9eb89a32dd2d6eea551437ccaa2fc141",
            "valid": true
          },
          {
            "byte_count": 768,
            "path": "frames/000013/depth.f32",
            "sha256": "854f3dd706be34881e0ba44ca4ce6c33423959f2cc0359c1770eb4b77a81c3a3",
            "valid": true
          },
          {
            "byte_count": 576,
            "path": "frames/000013/rgb.bin",
            "sha256": "492ca4ffac1f422d66e154622f0da2dac3d37d5ab9e6ca006c7924c8868b475f",
            "valid": true
          },
          {
            "byte_count": 192,
            "path": "frames/000014/confidence.u8",
            "sha256": "90b88ae002ea844ed07d6f59bb868b0b9eb89a32dd2d6eea551437ccaa2fc141",
            "valid": true
          },
          {
            "byte_count": 768,
            "path": "frames/000014/depth.f32",
            "sha256": "bb3544097785b5a0da2330b675fe15d53b512c2692f1d2bed7a10547847e33cb",
            "valid": true
          },
          {
            "byte_count": 576,
            "path": "frames/000014/rgb.bin",
            "sha256": "046e7016bd5e1de3ed6241d4fa56b3b1f320a4d2e32b033b00020319013eefe6",
            "valid": true
          },
          {
            "byte_count": 192,
            "path": "frames/000015/confidence.u8",
            "sha256": "90b88ae002ea844ed07d6f59bb868b0b9eb89a32dd2d6eea551437ccaa2fc141",
            "valid": true
          },
          {
            "byte_count": 768,
            "path": "frames/000015/depth.f32",
            "sha256": "3706a7cb786abd0d081ad19d84d586a24631402f796c504637fea28fc1e8c9fd",
            "valid": true
          },
          {
            "byte_count": 576,
            "path": "frames/000015/rgb.bin",
            "sha256": "f1fa1d9635928a59d19171fdc2fd995a36374cc6aa25d5db565df7c167aabe26",
            "valid": true
          }
        ],
        "frame_count": 16,
        "root_hash": "3801ced4a8aa3708e16807a72334543849a9c73a9ebd3d4977ec35d306ed8119",
        "schema_version": "1.0.0",
        "valid": true
      }
    },
    "durable_operation": {
      "attempts": 2,
      "checkpoints": [
        {
          "root_hash": "3801ced4a8aa3708e16807a72334543849a9c73a9ebd3d4977ec35d306ed8119",
          "safe_to_resume": true,
          "sequence": 1,
          "stage": "validated-input"
        },
        {
          "safe_to_resume": true,
          "sequence": 2,
          "source_checkpoint": {
            "root_hash": "3801ced4a8aa3708e16807a72334543849a9c73a9ebd3d4977ec35d306ed8119",
            "safe_to_resume": true,
            "sequence": 1,
            "stage": "validated-input"
          },
          "stage": "normalized"
        }
      ],
      "final_state": "succeeded",
      "operation_id": "ddb10796-0f95-4948-8ab0-b2c182ccf02b",
      "output_hash": "e0178ee6b845c94915f47eb404afd8bd8c6c6f79e2a2dde57efb1dd18f8d859a"
    },
    "ingest": {
      "capture_asset_id": "58de818b-8160-41e4-9e4b-15c2fb6ad8ba"
    },
    "preservation": {
      "independent_runtime": "/mnt/data/sip-hybrid-work/runtime/demo/foundation/restore-runtime",
      "matching_root_hash": true,
      "operational_replay": {
        "counts": {
          "anchor_remaps": 0,
          "assertions": 0,
          "collaboration_comments": 0,
          "collaboration_tasks": 0,
          "consent_grants": 0,
          "construction_records": 0,
          "coordinate_frames": 1,
          "derivation_events": 0,
          "evidence_records": 0,
          "geometry_asset_manifests": 0,
          "legal_holds": 0,
          "measurements": 0,
          "memory_records": 0,
          "representation_bindings": 1,
          "representations": 1,
          "retention_rules": 0,
          "scene_branches": 1,
          "scene_commits": 2,
          "scene_entities": 1,
          "scene_tags": 0,
          "spatial_annotations": 0,
          "spatial_transforms": 0
        },
        "matches_package": true,
        "vertical_validation": {}
      },
      "package_path": "/mnt/data/sip-hybrid-work/runtime/demo/foundation/preservation.sip-preservation.zip",
      "package_sha256": "5bd4e418c6e9b5cb13c8e1156e9f9c439314d2c62ed9c422ee3c27bcf18bbf69",
      "restored": {
        "commit_id": "c3ace2dd-76f9-44ca-a595-43263fef4b6f",
        "domain_schema_version": "1.1.0",
        "id_maps": {
          "anchor_remap": {},
          "annotation": {},
          "assertion": {},
          "asset": {
            "58de818b-8160-41e4-9e4b-15c2fb6ad8ba": "58de818b-8160-41e4-9e4b-15c2fb6ad8ba",
            "ea927434-dc79-433f-aa94-e3f22aa20f6b": "ea927434-dc79-433f-aa94-e3f22aa20f6b"
          },
          "branch": {
            "1fdc5f72-e716-4688-b94d-0a1d33cf18be": "1fdc5f72-e716-4688-b94d-0a1d33cf18be"
          },
          "comment": {},
          "commit": {
            "a76e7851-08db-4ac5-9a68-dc0a2daab425": "a76e7851-08db-4ac5-9a68-dc0a2daab425",
            "c3ace2dd-76f9-44ca-a595-43263fef4b6f": "c3ace2dd-76f9-44ca-a595-43263fef4b6f"
          },
          "consent": {},
          "construction": {},
          "derivation": {},
          "entity": {
            "5b8e018d-cb4f-4e14-8412-0e0430984588": "5b8e018d-cb4f-4e14-8412-0e0430984588"
          },
          "evidence": {},
          "frame": {
            "world": "world"
          },
          "geometry_manifest": {},
          "legal_hold": {},
          "measurement": {},
          "memory": {},
          "representation": {
            "48bb7adb-a968-47b0-ad88-e164902b8b2a": "48bb7adb-a968-47b0-ad88-e164902b8b2a"
          },
          "representation_binding": {
            "a39cdd6f-8820-4964-9e9a-f6d6fef180ca": "a39cdd6f-8820-4964-9e9a-f6d6fef180ca"
          },
          "retention_rule": {},
          "scene": {
            "6743d869-839d-407b-8c3d-48aa5e16474b": "6743d869-839d-407b-8c3d-48aa5e16474b"
          },
          "scene_tag": {},
          "spatial_transform": {},
          "task": {}
        },
        "native_replay": true,
        "non_activated_evidence": {
          "archived_tables": [
            "agent_proposals",
            "audit_events",
            "deletion_evidence",
            "deletion_requests",
            "exports",
            "notifications",
            "operations",
            "outbox_events",
            "quota_policies",
            "role_bindings",
            "saved_queries",
            "search_documents",
            "usage_ledger"
          ],
          "governance_tables": [
            "model_manifests",
            "provider_manifests"
          ],
          "provider_model_reapproval_required": true,
          "search_reindex_required": true,
          "security_bindings_replayed": false
        },
        "preservation_package_asset_id": "92400bbe-94c2-4004-a36b-866be1acc65b",
        "preservation_package_sha256": "5bd4e418c6e9b5cb13c8e1156e9f9c439314d2c62ed9c422ee3c27bcf18bbf69",
        "project_id": "project-restored-foundation",
        "replayed_counts": {
          "anchor_remaps": 0,
          "assertions": 0,
          "collaboration_comments": 0,
          "collaboration_tasks": 0,
          "consent_grants": 0,
          "construction_records": 0,
          "coordinate_frames": 1,
          "derivation_events": 0,
          "evidence_records": 0,
          "geometry_asset_manifests": 0,
          "legal_holds": 0,
          "measurements": 0,
          "memory_records": 0,
          "representation_bindings": 1,
          "representations": 1,
          "retention_rules": 0,
          "scene_branches": 1,
          "scene_commits": 2,
          "scene_entities": 1,
          "scene_tags": 0,
          "spatial_annotations": 0,
          "spatial_transforms": 0
        },
        "restored_assets": {
          "count": 2,
          "remapped_ids": 0,
          "unique_objects": 2
        },
        "scene_id": "6743d869-839d-407b-8c3d-48aa5e16474b",
        "semantic_snapshot_hash": "0980d20bc80ad300f32f2ffbb73d72c0d3f609339d0dab42bd90538b607bd598",
        "source_root_hash": "d565a3d2af53061efa486d1a78d4bb8ec8b818781600cf7f34efd89670ee8dd6",
        "tenant_id": "tenant-restored-foundation",
        "unresolved_references": []
      },
      "restored_assets": 3,
      "root_hash": "d565a3d2af53061efa486d1a78d4bb8ec8b818781600cf7f34efd89670ee8dd6",
      "verified_files": 5
    },
    "scene": {
      "entity_id": "5b8e018d-cb4f-4e14-8412-0e0430984588",
      "initial_commit": "a76e7851-08db-4ac5-9a68-dc0a2daab425",
      "metric_commit": {
        "branch": "main",
        "change_evidence_ids": [],
        "commit_id": "c3ace2dd-76f9-44ca-a595-43263fef4b6f",
        "field_visit_id": null,
        "parent_ids": [
          "a76e7851-08db-4ac5-9a68-dc0a2daab425"
        ],
        "recorded_at": "2026-07-27T23:58:01.317991+00:00",
        "review_state": "unreviewed",
        "root_manifest_hash": "0980d20bc80ad300f32f2ffbb73d72c0d3f609339d0dab42bd90538b607bd598",
        "snapshot_hash": "0980d20bc80ad300f32f2ffbb73d72c0d3f609339d0dab42bd90538b607bd598",
        "valid_from": null,
        "valid_to": null,
        "workflow_event_id": null
      },
      "metric_representation_id": "48bb7adb-a968-47b0-ad88-e164902b8b2a",
      "scene_id": "6743d869-839d-407b-8c3d-48aa5e16474b"
    },
    "viewer": {
      "external_dependencies": [],
      "portable": true,
      "session": "/mnt/data/sip-hybrid-work/runtime/demo/foundation/viewer-session.json",
      "session_sha256": "f45b01981b31fc86c4912c45d4b2a41d93176e6209885f43d6a160ed5fa2ba93",
      "viewer": "/mnt/data/sip-hybrid-work/runtime/demo/foundation/viewer.html",
      "viewer_sha256": "79031d2c9c95aad33ccdd6f56cd79db3bec5834129d4489a2a2d1e6aa2838f76"
    }
  },
  "schema": "sip.demo-evidence/v1",
  "started_at": "2026-07-27T23:58:00.274063+00:00",
  "status": "passed"
}
