npm --workspace apps/web run verify-runtime 2>&1 | tee build/evidence/web-runtime-test.log

> @sip/web@1.1.0 verify-runtime
> node --test test/*.test.mjs && node scripts/verify-source.mjs

TAP version 13
# Subtest: representation layers remain distinct and bounded
ok 1 - representation layers remain distinct and bounded
  ---
  duration_ms: 1.259725
  type: 'test'
  ...
# Subtest: proxy hits must resolve against metric evidence
ok 2 - proxy hits must resolve against metric evidence
  ---
  duration_ms: 0.267057
  type: 'test'
  ...
# Subtest: proxy replacement preserves stable anchors or reports them unresolved
ok 3 - proxy replacement preserves stable anchors or reports them unresolved
  ---
  duration_ms: 0.850266
  type: 'test'
  ...
# Subtest: viewer snapshot serialization is deterministic
ok 4 - viewer snapshot serialization is deterministic
  ---
  duration_ms: 6.240929
  type: 'test'
  ...
1..4
# tests 4
# suites 0
# pass 4
# fail 0
# cancelled 0
# skipped 0
# todo 0
# duration_ms 58.247405
{"status":"passed","checkedFiles":10,"invariantChecks":11}
PYTHONPATH=/mnt/data/sip-hybrid-work/src:/mnt/data/sip-hybrid-work python tools/record_test_evidence.py
{
  "status": "passed",
  "reports": [
    "build/reports/python-test-report.json",
    "build/reports/swift-test-report.json",
    "build/reports/web-runtime-test-report.json"
  ]
}
