{
  "artifacts": [
    {
      "bytes": 825,
      "path": "handoff/ifc-handoff.json",
      "sha256": "d67719491155bc481694d833d6d914118349b890aaa2f21b79545c9f5266562b"
    },
    {
      "bytes": 473,
      "path": "handoff/project.bcf.json",
      "sha256": "427e7e8ab4f151a91a0e3676f01acaa38c0727ee7a938625f21d61666964e537"
    },
    {
      "bytes": 19408,
      "path": "input/construction-area.sipcapture",
      "sha256": "a322409dfbcf56b22bb90721e88b199b2c0f5b412cc72cd7ac29795faef1522f"
    },
    {
      "bytes": 31141,
      "path": "preservation.sip-preservation.zip",
      "sha256": "7ce7f90337cc8ed460db2052b563d56e23faa0da8def0b3d176dfba2231f9708"
    },
    {
      "bytes": 700,
      "path": "reports/owner-report.json",
      "sha256": "482ac705abc05b2dd4439ac269a12832a78b5f77b7ade45644a51d1e1afe7c2a"
    },
    {
      "bytes": 1511,
      "path": "reports/technical-report.json",
      "sha256": "a99d7144db89c7200bfbd263e4404be2f4a6d9d0f308f4050ca54152c5cb5fdc"
    },
    {
      "bytes": 57,
      "path": "restore-runtime/objects/30/bc/30bc98915432b4a56c6714d57dbb2fb2aec09bf42b1d21553d4b7fcbfb19e0fa.enc",
      "sha256": "55654497105551eb2dd92cb5ef289326d416e3c100f27f815a608c61a321484e"
    },
    {
      "bytes": 319,
      "path": "restore-runtime/objects/30/bc/30bc98915432b4a56c6714d57dbb2fb2aec09bf42b1d21553d4b7fcbfb19e0fa.meta.json",
      "sha256": "d2e2d912440081920de9f66889530f69e1dc152209145d1fd0e07fc13c96d99d"
    },
    {
      "bytes": 50,
      "path": "restore-runtime/objects/4d/ab/4daba01ad9fdbd076c80faa5026e0572cbe8a42e9e866c5cf9019287719dc779.enc",
      "sha256": "46f242cbf8f8bd2ff76f46516d7775da9a30f1d8538062b0042f29dda2aba7a3"
    },
    {
      "bytes": 319,
      "path": "restore-runtime/objects/4d/ab/4daba01ad9fdbd076c80faa5026e0572cbe8a42e9e866c5cf9019287719dc779.meta.json",
      "sha256": "55006e7fa60af4e0f6d3efc7ba044e0449432595f801721a6884689907d1bce2"
    },
    {
      "bytes": 31157,
      "path": "restore-runtime/objects/7c/e7/7ce7f90337cc8ed460db2052b563d56e23faa0da8def0b3d176dfba2231f9708.enc",
      "sha256": "19b0df8db27891472aee5507e734330674e8b70d24806305a02d63d4a57ea841"
    },
    {
      "bytes": 319,
      "path": "restore-runtime/objects/7c/e7/7ce7f90337cc8ed460db2052b563d56e23faa0da8def0b3d176dfba2231f9708.meta.json",
      "sha256": "3f75a44965dbddbda73a95b4842878182fd9a57694282ea66306ed8332c8f80a"
    },
    {
      "bytes": 42,
      "path": "restore-runtime/objects/88/34/88347fe5104406cd5c490deb31bff20b09c6016595a88ebbe85b6ac4a850baf8.enc",
      "sha256": "b4d60b05cd7bc56766909a65d9d77bc613cd98bf63c65226a4ec74c6759593bb"
    },
    {
      "bytes": 319,
      "path": "restore-runtime/objects/88/34/88347fe5104406cd5c490deb31bff20b09c6016595a88ebbe85b6ac4a850baf8.meta.json",
      "sha256": "bf6a41250b129455aa4079f7918c23b70e4eaaa1baf8c57689e5975f26a9c62d"
    },
    {
      "bytes": 19424,
      "path": "restore-runtime/objects/a3/22/a322409dfbcf56b22bb90721e88b199b2c0f5b412cc72cd7ac29795faef1522f.enc",
      "sha256": "232ad8f99e5df7241dcadc434513e020be6f1c51523a1bf12aef3d9cc9d3322f"
    },
    {
      "bytes": 319,
      "path": "restore-runtime/objects/a3/22/a322409dfbcf56b22bb90721e88b199b2c0f5b412cc72cd7ac29795faef1522f.meta.json",
      "sha256": "a6574e9f71815c657e1099f12a8dd8154e334e95fe4702a87ab781377e714ee8"
    },
    {
      "bytes": 76,
      "path": "restore-runtime/objects/cc/eb/cceb61914f938908557da8f2f3bc332a83c855f3055dbea312798b132cc8b1eb.enc",
      "sha256": "2b605e403898b088a5e90578b27b744a08cd8146675c6b61c8aa1c81a53ea732"
    },
    {
      "bytes": 319,
      "path": "restore-runtime/objects/cc/eb/cceb61914f938908557da8f2f3bc332a83c855f3055dbea312798b132cc8b1eb.meta.json",
      "sha256": "2f42ba3bfd1742203e3093fc329244ac30caea859aaf7c4c5a39d2edbec59ece"
    },
    {
      "bytes": 65,
      "path": "restore-runtime/objects/e5/c0/e5c0318ea1eda7b26c91702c7266adbe0552092b10e8da071ef754919adca3bc.enc",
      "sha256": "c4c51c7b1ed00ee843be20f078a308c60d9feff60e833fa327f5aab79adaf571"
    },
    {
      "bytes": 319,
      "path": "restore-runtime/objects/e5/c0/e5c0318ea1eda7b26c91702c7266adbe0552092b10e8da071ef754919adca3bc.meta.json",
      "sha256": "a0ec41290045d4320d3acf45a88e15ffd9dd90dbccc3203404573f0713348521"
    },
    {
      "bytes": 51,
      "path": "restore-runtime/objects/ed/d6/edd6b3d0e4a41a069ea47e7eb390b4c9dd7c49943929fc13e7686bb51a7579c2.enc",
      "sha256": "583185e73d57721dfb8fe8697762d0e8b1c6c7869e652b8387461117057ffbcb"
    },
    {
      "bytes": 319,
      "path": "restore-runtime/objects/ed/d6/edd6b3d0e4a41a069ea47e7eb390b4c9dd7c49943929fc13e7686bb51a7579c2.meta.json",
      "sha256": "ba3e546afb4ed4d6d0c344c8c4b8ab88a4717f25f931188e1a8ee33ed39c1837"
    },
    {
      "bytes": 45,
      "path": "restore-runtime/objects/f9/b4/f9b46f3583cdda6dea33402feb9611e80c0548fcbe1eacf894956d511f8892d1.enc",
      "sha256": "af8159dfd30d509482c83e4da961a93d3bc5cf38cac3f38dba6e6674b7b9fd69"
    },
    {
      "bytes": 319,
      "path": "restore-runtime/objects/f9/b4/f9b46f3583cdda6dea33402feb9611e80c0548fcbe1eacf894956d511f8892d1.meta.json",
      "sha256": "0a51352573e07ed45d18dab401514b14544fc685dc9641449c650ca7903ec70e"
    },
    {
      "bytes": 1642496,
      "path": "restore-runtime/sip.sqlite3",
      "sha256": "eb42f0c5471d738343df53c6cb7d62b8b6ca15f179d91a122535d04c8a5245a0"
    },
    {
      "bytes": 57,
      "path": "runtime/objects/30/bc/30bc98915432b4a56c6714d57dbb2fb2aec09bf42b1d21553d4b7fcbfb19e0fa.enc",
      "sha256": "b5ca5fd6093597b9867457b4d09a067f77e84e653c33822f1d7766273e3c1f23"
    },
    {
      "bytes": 319,
      "path": "runtime/objects/30/bc/30bc98915432b4a56c6714d57dbb2fb2aec09bf42b1d21553d4b7fcbfb19e0fa.meta.json",
      "sha256": "5effa3610cb3a1222a8bfd5a1ebf1ceb7ac84e27834e756209f3edd0e58095bb"
    },
    {
      "bytes": 50,
      "path": "runtime/objects/4d/ab/4daba01ad9fdbd076c80faa5026e0572cbe8a42e9e866c5cf9019287719dc779.enc",
      "sha256": "b8b78354f2dac9295eca069b9222cceea434f6a19be8d320db518aa165f9fc78"
    },
    {
      "bytes": 319,
      "path": "runtime/objects/4d/ab/4daba01ad9fdbd076c80faa5026e0572cbe8a42e9e866c5cf9019287719dc779.meta.json",
      "sha256": "42167d8b13a9d4a8e5cf1e5f2d7f6768af0d16783961b3fc66adaf847251d111"
    },
    {
      "bytes": 42,
      "path": "runtime/objects/88/34/88347fe5104406cd5c490deb31bff20b09c6016595a88ebbe85b6ac4a850baf8.enc",
      "sha256": "e1a11e05afebec209f3470fe98feedeac889b52482145ad29be6c1b9ecc8fe47"
    },
    {
      "bytes": 319,
      "path": "runtime/objects/88/34/88347fe5104406cd5c490deb31bff20b09c6016595a88ebbe85b6ac4a850baf8.meta.json",
      "sha256": "3aeef6d5f91c841e5c26a15fb1d88b6c62b58d69567d42f9563cb0829c2343dc"
    },
    {
      "bytes": 19424,
      "path": "runtime/objects/a3/22/a322409dfbcf56b22bb90721e88b199b2c0f5b412cc72cd7ac29795faef1522f.enc",
      "sha256": "535075358d3eff9aa06486caefe999eac2a3ae5655e916b455e75cc3ff109c2e"
    },
    {
      "bytes": 319,
      "path": "runtime/objects/a3/22/a322409dfbcf56b22bb90721e88b199b2c0f5b412cc72cd7ac29795faef1522f.meta.json",
      "sha256": "7997b4bb7384e5c13f08bc780d26ba887953542c05bf95f56b2e92e4fcc2a0e9"
    },
    {
      "bytes": 76,
      "path": "runtime/objects/cc/eb/cceb61914f938908557da8f2f3bc332a83c855f3055dbea312798b132cc8b1eb.enc",
      "sha256": "929eb6a15f939e1baba27d78818e04f9e982dd111cc1a557f980b6b1f653f47f"
    },
    {
      "bytes": 319,
      "path": "runtime/objects/cc/eb/cceb61914f938908557da8f2f3bc332a83c855f3055dbea312798b132cc8b1eb.meta.json",
      "sha256": "61d9044f7ddf29514a2c32699d0a89f5d3f6d5f13dbf870ccc043f77386f24cb"
    },
    {
      "bytes": 65,
      "path": "runtime/objects/e5/c0/e5c0318ea1eda7b26c91702c7266adbe0552092b10e8da071ef754919adca3bc.enc",
      "sha256": "f7a9aa739fbc5f79d2a6ba2bc99c9d927db2316f35c3e43f9a6fc85cb3f94ba9"
    },
    {
      "bytes": 319,
      "path": "runtime/objects/e5/c0/e5c0318ea1eda7b26c91702c7266adbe0552092b10e8da071ef754919adca3bc.meta.json",
      "sha256": "81f3296e213d2a0a37ea462f287d03b0590a2f9db07a0b50b586359fefbcbb4f"
    },
    {
      "bytes": 51,
      "path": "runtime/objects/ed/d6/edd6b3d0e4a41a069ea47e7eb390b4c9dd7c49943929fc13e7686bb51a7579c2.enc",
      "sha256": "95ee2eb46186eb39e6392969fbe29b72077d461f0c4c90c75d219bf2b564af3a"
    },
    {
      "bytes": 319,
      "path": "runtime/objects/ed/d6/edd6b3d0e4a41a069ea47e7eb390b4c9dd7c49943929fc13e7686bb51a7579c2.meta.json",
      "sha256": "006c1ed42f79f94298cdf3d1a1a3d384ba2c4fc51cdc41d1b4d1cc78d2d9bba7"
    },
    {
      "bytes": 45,
      "path": "runtime/objects/f9/b4/f9b46f3583cdda6dea33402feb9611e80c0548fcbe1eacf894956d511f8892d1.enc",
      "sha256": "827bd77bd903b109dc9347ce91951d7bdbb9bf7581ce8ac07d318ce6da9c5594"
    },
    {
      "bytes": 319,
      "path": "runtime/objects/f9/b4/f9b46f3583cdda6dea33402feb9611e80c0548fcbe1eacf894956d511f8892d1.meta.json",
      "sha256": "16940d15c11903ed124a71c8e721e4998cd34623b2fe51246adb25851e878ee9"
    },
    {
      "bytes": 1650688,
      "path": "runtime/sip.sqlite3",
      "sha256": "ad649211ac1777cf78730ff4037251b63762f76e73d75dc0b6d297d2e38b9790"
    }
  ],
  "canonical_scenario": "construction",
  "claims": "Synthetic acceptance evidence only; this is not a customer pilot, physical-device validation, survey, legal approval, or production-load result.",
  "demonstration": "construction",
  "environment": {
    "git": {
      "commit": "8af0aafa0425b3f190b14fa63701990f0bd6d343",
      "dirty_paths": 268,
      "working_tree_clean": false
    },
    "platform": "Linux-6.12.13-x86_64-with-glibc2.41",
    "python": "3.13.5"
  },
  "error": null,
  "evidence_hash": "e64bbb87e0fd9866c274cc9df0eae32c16df0a055084803c7d5a0bc7c40329da",
  "finished_at": "2026-07-28T00:01:08.597815+00:00",
  "result": {
    "acceptance": {
      "capture_finalized_locally": true,
      "capture_pause_recovered": true,
      "deficiency_closed_after_retest": true,
      "design_observed_verified_not_collapsed": true,
      "drawing_imported": true,
      "field_measurement_verified": true,
      "restored": true,
      "semantic_diff_reviewable": true,
      "states_distinct": true,
      "warning_present": true
    },
    "capture": {
      "asset_id": "3a4d475e-24e4-4416-91a6-e1045dec317a",
      "path": "build/checkpoints/progress-03-demo-isolation/concurrent-construction/input/construction-area.sipcapture",
      "root_hash": "5a4eb38dac181f7965a4b513db50bebe1fd31e4b421f8c22c430dbdf0189d147"
    },
    "capture_recovery": {
      "attempts": 2,
      "final_state": "succeeded",
      "finalized_locally": true,
      "operation_id": "b7eb9759-58aa-42f5-b3d5-01f8a4745f88",
      "paused_checkpoint": {
        "root_hash": "5a4eb38dac181f7965a4b513db50bebe1fd31e4b421f8c22c430dbdf0189d147",
        "safe_to_resume": true,
        "sequence": 1,
        "stage": "local-package-validated"
      },
      "resumed_checkpoint": {
        "prior_checkpoint": {
          "root_hash": "5a4eb38dac181f7965a4b513db50bebe1fd31e4b421f8c22c430dbdf0189d147",
          "safe_to_resume": true,
          "sequence": 1,
          "stage": "local-package-validated"
        },
        "safe_to_resume": true,
        "sequence": 2,
        "stage": "resumed-and-finalized"
      }
    },
    "deficiency": {
      "correction": {
        "deficiency_id": "2059f04d-015e-4354-86c2-f06b8ceea4c1",
        "history_count": 3,
        "state": "closed",
        "test_result": "pass"
      },
      "id": "2059f04d-015e-4354-86c2-f06b8ceea4c1"
    },
    "documents": [
      "15df370b-890e-49ca-bf21-87fe6d9d30e2",
      "e18f811d-d5c6-4e8e-85ee-abec89ec81d9",
      "ad74d2b0-e3f8-4891-9d1f-70d448c8e1b6",
      "a08e6bd6-91c7-4723-8445-5a05b6d6cd11"
    ],
    "hierarchy": {
      "building": "3fb62b0f-21a5-45bc-8ddd-81221dc8c5fb",
      "level": "e104c863-518a-4950-be19-5d6cd328b5c9",
      "room": "1e5c5a0f-91f7-40db-bf92-5256036d9b19",
      "site": "b225c364-ea1b-426c-a6dd-5fb77a367213"
    },
    "measurement": {
      "id": "9fdabbae-4b7f-42d8-ae8e-ae088456481d",
      "source": {
        "authority_class": "field_verified",
        "calibration": {
          "asset_id": "130eec0c-ec74-4038-806a-b3af7c525e69",
          "certificate": "SYN-CAL-001",
          "instrument": "traceable laser"
        },
        "measurement_id": "9fdabbae-4b7f-42d8-ae8e-ae088456481d",
        "source_asset_ids": [
          "a5e778ee-7dfd-48ee-b757-1d82af7296f1",
          "130eec0c-ec74-4038-806a-b3af7c525e69"
        ],
        "uncertainty": 0.003,
        "unit": "m",
        "value": 1.52,
        "verified_at": "2026-07-28T00:01:07.605609",
        "verifier_id": "demo-field-verifier"
      }
    },
    "preservation": {
      "independent_runtime": "build/checkpoints/progress-03-demo-isolation/concurrent-construction/restore-runtime",
      "matching_root_hash": true,
      "operational_replay": {
        "counts": {
          "anchor_remaps": 0,
          "assertions": 0,
          "collaboration_comments": 0,
          "collaboration_tasks": 0,
          "consent_grants": 0,
          "construction_records": 17,
          "coordinate_frames": 1,
          "derivation_events": 0,
          "evidence_records": 0,
          "geometry_asset_manifests": 0,
          "legal_holds": 0,
          "measurements": 1,
          "memory_records": 0,
          "representation_bindings": 0,
          "representations": 0,
          "retention_rules": 0,
          "scene_branches": 1,
          "scene_commits": 1,
          "scene_entities": 1,
          "scene_tags": 0,
          "spatial_annotations": 0,
          "spatial_transforms": 0
        },
        "matches_package": true,
        "vertical_validation": {
          "domain_service_query_passed": true,
          "measurement_count": 1,
          "technical_record_count": 17
        }
      },
      "package_path": "build/checkpoints/progress-03-demo-isolation/concurrent-construction/preservation.sip-preservation.zip",
      "package_sha256": "7ce7f90337cc8ed460db2052b563d56e23faa0da8def0b3d176dfba2231f9708",
      "restored": {
        "commit_id": "3c25e211-5c9a-41ca-817b-155d421f95a2",
        "domain_schema_version": "1.1.0",
        "id_maps": {
          "anchor_remap": {},
          "annotation": {},
          "assertion": {},
          "asset": {
            "130eec0c-ec74-4038-806a-b3af7c525e69": "130eec0c-ec74-4038-806a-b3af7c525e69",
            "3a4d475e-24e4-4416-91a6-e1045dec317a": "3a4d475e-24e4-4416-91a6-e1045dec317a",
            "6bf41355-aacd-4947-b6ce-18429b100949": "6bf41355-aacd-4947-b6ce-18429b100949",
            "a5e778ee-7dfd-48ee-b757-1d82af7296f1": "a5e778ee-7dfd-48ee-b757-1d82af7296f1",
            "ad6eac1b-9066-45dd-bfb6-5085369e9092": "ad6eac1b-9066-45dd-bfb6-5085369e9092",
            "b00cfd40-9025-4387-a4ea-aa7bcc77781f": "b00cfd40-9025-4387-a4ea-aa7bcc77781f",
            "b4d94cbb-3622-44a2-a28c-89a6ce00500a": "b4d94cbb-3622-44a2-a28c-89a6ce00500a",
            "fa5e5d2d-eb67-4324-b9aa-db9eb94c4727": "fa5e5d2d-eb67-4324-b9aa-db9eb94c4727"
          },
          "branch": {
            "73defdd8-eb77-4596-8e2f-7899f4edb5d6": "73defdd8-eb77-4596-8e2f-7899f4edb5d6"
          },
          "comment": {},
          "commit": {
            "3c25e211-5c9a-41ca-817b-155d421f95a2": "3c25e211-5c9a-41ca-817b-155d421f95a2"
          },
          "consent": {},
          "construction": {
            "15df370b-890e-49ca-bf21-87fe6d9d30e2": "15df370b-890e-49ca-bf21-87fe6d9d30e2",
            "1e5c5a0f-91f7-40db-bf92-5256036d9b19": "1e5c5a0f-91f7-40db-bf92-5256036d9b19",
            "2059f04d-015e-4354-86c2-f06b8ceea4c1": "2059f04d-015e-4354-86c2-f06b8ceea4c1",
            "3fb62b0f-21a5-45bc-8ddd-81221dc8c5fb": "3fb62b0f-21a5-45bc-8ddd-81221dc8c5fb",
            "747cfc1d-260f-4de5-af39-a5b3924de231": "747cfc1d-260f-4de5-af39-a5b3924de231",
            "7f87c71a-d787-45bd-bf89-03139ac91c4f": "7f87c71a-d787-45bd-bf89-03139ac91c4f",
            "80dcaaf8-f9cf-4f44-9956-c2dc0897be28": "80dcaaf8-f9cf-4f44-9956-c2dc0897be28",
            "8d164426-af8c-4d59-99f2-792b1248f165": "8d164426-af8c-4d59-99f2-792b1248f165",
            "a08e6bd6-91c7-4723-8445-5a05b6d6cd11": "a08e6bd6-91c7-4723-8445-5a05b6d6cd11",
            "a4e6b6ba-6fb7-4483-abdf-5367dc28c2f7": "a4e6b6ba-6fb7-4483-abdf-5367dc28c2f7",
            "ad74d2b0-e3f8-4891-9d1f-70d448c8e1b6": "ad74d2b0-e3f8-4891-9d1f-70d448c8e1b6",
            "b225c364-ea1b-426c-a6dd-5fb77a367213": "b225c364-ea1b-426c-a6dd-5fb77a367213",
            "b60ada9d-3f84-42c3-a11d-4c9dd5ed2115": "b60ada9d-3f84-42c3-a11d-4c9dd5ed2115",
            "e104c863-518a-4950-be19-5d6cd328b5c9": "e104c863-518a-4950-be19-5d6cd328b5c9",
            "e18f811d-d5c6-4e8e-85ee-abec89ec81d9": "e18f811d-d5c6-4e8e-85ee-abec89ec81d9",
            "ec335ca9-4b8d-4d02-8b61-7399627c7ddb": "ec335ca9-4b8d-4d02-8b61-7399627c7ddb",
            "fb734e4d-9a86-4e1d-ae63-f1683c5287ff": "fb734e4d-9a86-4e1d-ae63-f1683c5287ff"
          },
          "derivation": {},
          "entity": {
            "entity-facp": "entity-facp"
          },
          "evidence": {},
          "frame": {
            "world": "world"
          },
          "geometry_manifest": {},
          "legal_hold": {},
          "measurement": {
            "9fdabbae-4b7f-42d8-ae8e-ae088456481d": "9fdabbae-4b7f-42d8-ae8e-ae088456481d"
          },
          "memory": {},
          "representation": {},
          "representation_binding": {},
          "retention_rule": {},
          "scene": {
            "ce3d6c07-2abd-471b-a53e-7b87a6e41849": "ce3d6c07-2abd-471b-a53e-7b87a6e41849"
          },
          "scene_tag": {},
          "spatial_transform": {},
          "task": {}
        },
        "native_replay": true,
        "non_activated_evidence": {
          "archived_tables": [
            "agent_proposals",
            "audit_events",
            "deletion_evidence",
            "deletion_requests",
            "exports",
            "notifications",
            "operations",
            "outbox_events",
            "quota_policies",
            "role_bindings",
            "saved_queries",
            "search_documents",
            "usage_ledger"
          ],
          "governance_tables": [
            "model_manifests",
            "provider_manifests"
          ],
          "provider_model_reapproval_required": true,
          "search_reindex_required": true,
          "security_bindings_replayed": false
        },
        "preservation_package_asset_id": "fccb0fd0-4f11-4090-a369-a51e59101a5c",
        "preservation_package_sha256": "7ce7f90337cc8ed460db2052b563d56e23faa0da8def0b3d176dfba2231f9708",
        "project_id": "project-restored-construction",
        "replayed_counts": {
          "anchor_remaps": 0,
          "assertions": 0,
          "collaboration_comments": 0,
          "collaboration_tasks": 0,
          "consent_grants": 0,
          "construction_records": 17,
          "coordinate_frames": 1,
          "derivation_events": 0,
          "evidence_records": 0,
          "geometry_asset_manifests": 0,
          "legal_holds": 0,
          "measurements": 1,
          "memory_records": 0,
          "representation_bindings": 0,
          "representations": 0,
          "retention_rules": 0,
          "scene_branches": 1,
          "scene_commits": 1,
          "scene_entities": 1,
          "scene_tags": 0,
          "spatial_annotations": 0,
          "spatial_transforms": 0
        },
        "restored_assets": {
          "count": 8,
          "remapped_ids": 0,
          "unique_objects": 8
        },
        "scene_id": "ce3d6c07-2abd-471b-a53e-7b87a6e41849",
        "semantic_snapshot_hash": "2584788770adce1e6dba5dd7bd9c6563a92771d99181ff13810f4c3ea4c96072",
        "source_root_hash": "4f2653a2ad6c2665946b617f2b7719859d8c6428b779737a1443d1d590669670",
        "tenant_id": "tenant-restored-construction",
        "unresolved_references": []
      },
      "restored_assets": 9,
      "root_hash": "4f2653a2ad6c2665946b617f2b7719859d8c6428b779737a1443d1d590669670",
      "verified_files": 11
    },
    "reports": {
      "bcf": {
        "format": "BCF-JSON-reference",
        "path": "build/checkpoints/progress-03-demo-isolation/concurrent-construction/handoff/project.bcf.json",
        "sha256": "7d4e05f4607d621e4b22355e570e4b03b07e1ef4e608b948a3e190d3cd6f22e6",
        "topics": 1
      },
      "ifc": {
        "format": "SIP-IFC-HANDOFF-MANIFEST-1.0",
        "path": "build/checkpoints/progress-03-demo-isolation/concurrent-construction/handoff/ifc-handoff.json",
        "sha256": "90dbfe63ae6b169047e16d2f83e890c2a711f730f9db4afb17d857e8d02456f2"
      },
      "owner": "build/checkpoints/progress-03-demo-isolation/concurrent-construction/reports/owner-report.json",
      "technical": "build/checkpoints/progress-03-demo-isolation/concurrent-construction/reports/technical-report.json"
    },
    "systems": [
      "fb734e4d-9a86-4e1d-ae63-f1683c5287ff",
      "a4e6b6ba-6fb7-4483-abdf-5367dc28c2f7",
      "7f87c71a-d787-45bd-bf89-03139ac91c4f",
      "b60ada9d-3f84-42c3-a11d-4c9dd5ed2115",
      "8d164426-af8c-4d59-99f2-792b1248f165",
      "80dcaaf8-f9cf-4f44-9956-c2dc0897be28",
      "747cfc1d-260f-4de5-af39-a5b3924de231",
      "ec335ca9-4b8d-4d02-8b61-7399627c7ddb"
    ],
    "temporal": {
      "after": {
        "added": [
          "b60ada9d-3f84-42c3-a11d-4c9dd5ed2115"
        ],
        "modified_or_superseded": [],
        "removed": []
      },
      "baseline": {
        "added": [],
        "modified_or_superseded": [],
        "removed": []
      },
      "point_change": {
        "added_fraction": 0.5,
        "added_indices": [
          2,
          3
        ],
        "removed_fraction": 0.5,
        "removed_indices": [
          2,
          3
        ],
        "threshold_m": 0.2
      }
    }
  },
  "schema": "sip.demo-evidence/v1",
  "started_at": "2026-07-28T00:01:06.457610+00:00",
  "status": "passed"
}
