{
  "benchmarks": {
    "cscp_validate_16_frames": {
      "archive_sha256": "b5a388e67789ea8854965ded7ac7e98119bf05875f4dc0dd184a4c3aac3fac93",
      "max_ms": 1.990522,
      "median_ms": 1.963973,
      "min_ms": 1.9616,
      "p95_ms": 1.990522,
      "root_hash": "3801ced4a8aa3708e16807a72334543849a9c73a9ebd3d4977ec35d306ed8119",
      "samples": 5,
      "validated_frames": 16
    },
    "interaction_proxy_12_to_8_faces": {
      "input_faces": 12,
      "max_ms": 0.783756,
      "median_ms": 0.38236400000000004,
      "min_ms": 0.362049,
      "output_faces": 8,
      "p95_ms": 0.471131,
      "samples": 20
    },
    "mesh_to_splats_12_faces_x8": {
      "input_faces": 12,
      "lossy": true,
      "max_ms": 3.19783,
      "median_ms": 0.317893,
      "min_ms": 0.28884,
      "output_splats": 96,
      "p95_ms": 3.19783,
      "samples": 10
    },
    "sim3_ransac_500_points_25_outliers": {
      "inliers": 475,
      "max_ms": 51.573021,
      "median_ms": 48.57584,
      "min_ms": 47.06417,
      "p95_ms": 51.573021,
      "rmse": 1.324659381143314e-15,
      "samples": 5,
      "scale": 1.25
    }
  },
  "budget_checks": [
    {
      "benchmark": "sim3_ransac_500_points_25_outliers",
      "checks": [
        {
          "actual": 51.573021,
          "metric": "p95_ms",
          "operator": "<=",
          "passed": true,
          "threshold": 350.0
        },
        {
          "actual": 1.324659381143314e-15,
          "metric": "rmse",
          "operator": "<=",
          "passed": true,
          "threshold": 1e-06
        },
        {
          "actual": 475,
          "metric": "inliers",
          "operator": ">=",
          "passed": true,
          "threshold": 475
        }
      ],
      "status": "passed"
    },
    {
      "benchmark": "interaction_proxy_12_to_8_faces",
      "checks": [
        {
          "actual": 0.471131,
          "metric": "p95_ms",
          "operator": "<=",
          "passed": true,
          "threshold": 25.0
        }
      ],
      "status": "passed"
    },
    {
      "benchmark": "mesh_to_splats_12_faces_x8",
      "checks": [
        {
          "actual": 3.19783,
          "metric": "p95_ms",
          "operator": "<=",
          "passed": true,
          "threshold": 25.0
        }
      ],
      "status": "passed"
    },
    {
      "benchmark": "cscp_validate_16_frames",
      "checks": [
        {
          "actual": 1.990522,
          "metric": "p95_ms",
          "operator": "<=",
          "passed": true,
          "threshold": 150.0
        }
      ],
      "status": "passed"
    }
  ],
  "budget_manifest": {
    "path": "benchmarks/reference-budgets.json",
    "sha256": "24d2dd9c50e71d1d0cf43111c5175408565fe02053cf2a21c7d686d223ef6eb8"
  },
  "claims": "Budgets cover only the deterministic single-process CPU reference profile and are not production capacity targets.",
  "profile": {
    "cpu_count": 5,
    "execution": "single-process deterministic CPU path",
    "git": {
      "commit": "8af0aafa0425b3f190b14fa63701990f0bd6d343",
      "dirty_paths": 266,
      "working_tree_clean": false
    },
    "name": "cpu-reference",
    "numpy": "2.3.5",
    "platform": "Linux-6.12.13-x86_64-with-glibc2.41",
    "processor": "",
    "python": "3.13.5"
  },
  "schema": "sip.benchmark-report/v2",
  "status": "passed"
}
