=== demo:construction ===
{
  "artifacts": [
    {
      "bytes": 1582,
      "path": "demo-report.json",
      "sha256": "dcc1a4f58b0c1d93dc9c4b5108725f865cd5d6169cc2e3132b8b56b2e3bb3b01"
    },
    {
      "bytes": 825,
      "path": "handoff/ifc-handoff.json",
      "sha256": "8f74d72d950e1dcaa739bc03b5369c971e96db895539ac513be04a454b1577e5"
    },
    {
      "bytes": 473,
      "path": "handoff/project.bcf.json",
      "sha256": "28ae749ad91876e432c4f2d07880f45ad99c7f85d5c75fd3748a70422235b655"
    },
    {
      "bytes": 19408,
      "path": "input/construction-area.sipcapture",
      "sha256": "5031416ae7445416d4fb6b48c87ff4994651d70e176fce53f274a04cac110664"
    },
    {
      "bytes": 31114,
      "path": "preservation.sip-preservation.zip",
      "sha256": "d483f445925bba8807a35c260b5e244d7d04d3fcfc6aa376eac205a992bed760"
    },
    {
      "bytes": 700,
      "path": "reports/owner-report.json",
      "sha256": "97a695a72b37f75b11de6e74a34af7fd14e42161764d323d79ef4ac3a30595d5"
    },
    {
      "bytes": 1511,
      "path": "reports/technical-report.json",
      "sha256": "3efddc679fdba278faae5d1bc9b49114ab5c0457507d44e52328122246bd10d7"
    },
    {
      "bytes": 57,
      "path": "restore-runtime/objects/30/bc/30bc98915432b4a56c6714d57dbb2fb2aec09bf42b1d21553d4b7fcbfb19e0fa.enc",
      "sha256": "0f4c4168f0778b9b9744bdc56a0bfe9dc5a59b2a9e5362d0134431f261401aa5"
    },
    {
      "bytes": 319,
      "path": "restore-runtime/objects/30/bc/30bc98915432b4a56c6714d57dbb2fb2aec09bf42b1d21553d4b7fcbfb19e0fa.meta.json",
      "sha256": "fbf9787cd50c9913ec29a4cb8680c9054fb7e220f3d444c2e77802d587aa5167"
    },
    {
      "bytes": 50,
      "path": "restore-runtime/objects/4d/ab/4daba01ad9fdbd076c80faa5026e0572cbe8a42e9e866c5cf9019287719dc779.enc",
      "sha256": "6ef1b9b117921e34cd1126c8bc8bfc35b68da767605cc9eda454d376ce3dbb5b"
    },
    {
      "bytes": 319,
      "path": "restore-runtime/objects/4d/ab/4daba01ad9fdbd076c80faa5026e0572cbe8a42e9e866c5cf9019287719dc779.meta.json",
      "sha256": "cddc87159a6062c306bfde210ecd02a530760f9e5c556b77e5b4827e54230684"
    },
    {
      "bytes": 19424,
      "path": "restore-runtime/objects/50/31/5031416ae7445416d4fb6b48c87ff4994651d70e176fce53f274a04cac110664.enc",
      "sha256": "2d3ed00668af0813848f20ce8b1edf839061b135050411b9f82cf3b1667a158e"
    },
    {
      "bytes": 319,
      "path": "restore-runtime/objects/50/31/5031416ae7445416d4fb6b48c87ff4994651d70e176fce53f274a04cac110664.meta.json",
      "sha256": "c89bd0fbf38dd674369c9761c48323dbcd51bf427298ee2eab4ef6a3a61fb5ad"
    },
    {
      "bytes": 42,
      "path": "restore-runtime/objects/88/34/88347fe5104406cd5c490deb31bff20b09c6016595a88ebbe85b6ac4a850baf8.enc",
      "sha256": "7a35dbcd3de7b870896f48ade119ccf9fce145c497eb2da887b6ea794368ebf1"
    },
    {
      "bytes": 319,
      "path": "restore-runtime/objects/88/34/88347fe5104406cd5c490deb31bff20b09c6016595a88ebbe85b6ac4a850baf8.meta.json",
      "sha256": "ccb06642385f3a2c79d0344d1bf0cf7ffdf7eee581ed77b716415c3f2c5abee1"
    },
    {
      "bytes": 76,
      "path": "restore-runtime/objects/cc/eb/cceb61914f938908557da8f2f3bc332a83c855f3055dbea312798b132cc8b1eb.enc",
      "sha256": "24bb36bf15a2962e75a591583a0a4200ceac3eaae0c32c22c7b910958e072d5b"
    },
    {
      "bytes": 319,
      "path": "restore-runtime/objects/cc/eb/cceb61914f938908557da8f2f3bc332a83c855f3055dbea312798b132cc8b1eb.meta.json",
      "sha256": "67e3007bb01a0a7eac01e77aa492975f311aa85b6069d422800583637777a326"
    },
    {
      "bytes": 31130,
      "path": "restore-runtime/objects/d4/83/d483f445925bba8807a35c260b5e244d7d04d3fcfc6aa376eac205a992bed760.enc",
      "sha256": "ec347b3427d8b24b9238de8b6223aed529e23b84e561235e339d0ce7ab832197"
    },
    {
      "bytes": 319,
      "path": "restore-runtime/objects/d4/83/d483f445925bba8807a35c260b5e244d7d04d3fcfc6aa376eac205a992bed760.meta.json",
      "sha256": "5c58e06f7bf9a9262d359563632c38b094f149b0a33a4325ac242ccb8c07801d"
    },
    {
      "bytes": 65,
      "path": "restore-runtime/objects/e5/c0/e5c0318ea1eda7b26c91702c7266adbe0552092b10e8da071ef754919adca3bc.enc",
      "sha256": "7ca66861fa0143ab1a43a2c4ec7aa0fa1d43fa0509493c975a58a6f84ec2aa7e"
    },
    {
      "bytes": 319,
      "path": "restore-runtime/objects/e5/c0/e5c0318ea1eda7b26c91702c7266adbe0552092b10e8da071ef754919adca3bc.meta.json",
      "sha256": "3353416bcedc732e9de90588ae907bd84f4eaf5ab1c4c9eb141b95fdb6f3d3af"
    },
    {
      "bytes": 51,
      "path": "restore-runtime/objects/ed/d6/edd6b3d0e4a41a069ea47e7eb390b4c9dd7c49943929fc13e7686bb51a7579c2.enc",
      "sha256": "adee6d43461097bf1bc94a2330907762a211221c3fb31d80e765032625b5e209"
    },
    {
      "bytes": 319,
      "path": "restore-runtime/objects/ed/d6/edd6b3d0e4a41a069ea47e7eb390b4c9dd7c49943929fc13e7686bb51a7579c2.meta.json",
      "sha256": "e49ca19f231b9542756e64479f14351b2f558bc98526d8e52dd4bc43b35f6806"
    },
    {
      "bytes": 45,
      "path": "restore-runtime/objects/f9/b4/f9b46f3583cdda6dea33402feb9611e80c0548fcbe1eacf894956d511f8892d1.enc",
      "sha256": "52e9bf42a5ed3509a3cf4b5883d699fe9a92915ec61b7849356cd0c32742f7ef"
    },
    {
      "bytes": 319,
      "path": "restore-runtime/objects/f9/b4/f9b46f3583cdda6dea33402feb9611e80c0548fcbe1eacf894956d511f8892d1.meta.json",
      "sha256": "f15e7cc0b8efba7e9c29bd916188b9e8155552ca8979b04a42546e806984d3c0"
    },
    {
      "bytes": 1642496,
      "path": "restore-runtime/sip.sqlite3",
      "sha256": "9e1a3577e7ec237daf236e6ca224167a354d23967a23a9869b8bb5b79ca9a0f3"
    },
    {
      "bytes": 57,
      "path": "runtime/objects/30/bc/30bc98915432b4a56c6714d57dbb2fb2aec09bf42b1d21553d4b7fcbfb19e0fa.enc",
      "sha256": "fe89dbe33cce78c68eaeffaeb2763f5d42b4bd09e230b581442e1a684a496069"
    },
    {
      "bytes": 319,
      "path": "runtime/objects/30/bc/30bc98915432b4a56c6714d57dbb2fb2aec09bf42b1d21553d4b7fcbfb19e0fa.meta.json",
      "sha256": "3f1b670921a1c5fa6531f612a957e1aa7923bf6fdc4e00dcf1b1087cb82beb8f"
    },
    {
      "bytes": 50,
      "path": "runtime/objects/4d/ab/4daba01ad9fdbd076c80faa5026e0572cbe8a42e9e866c5cf9019287719dc779.enc",
      "sha256": "3720703c2355dd673d8c53a7db1aa08825c1b1d6096ff95e59ff995a877e5958"
    },
    {
      "bytes": 319,
      "path": "runtime/objects/4d/ab/4daba01ad9fdbd076c80faa5026e0572cbe8a42e9e866c5cf9019287719dc779.meta.json",
      "sha256": "ca39c9016e18e683d09029c433b5321618e428728b5b0001e5f0d8296db2569f"
    },
    {
      "bytes": 19424,
      "path": "runtime/objects/50/31/5031416ae7445416d4fb6b48c87ff4994651d70e176fce53f274a04cac110664.enc",
      "sha256": "0fee2269873f470ed1a67d67a74625910bbed9da23e87dc93f6d3370421ac209"
    },
    {
      "bytes": 319,
      "path": "runtime/objects/50/31/5031416ae7445416d4fb6b48c87ff4994651d70e176fce53f274a04cac110664.meta.json",
      "sha256": "705c12834a67556f76780c1183ce516c2e8b7ad6ccb5534292dc6c1eb1c216fc"
    },
    {
      "bytes": 42,
      "path": "runtime/objects/88/34/88347fe5104406cd5c490deb31bff20b09c6016595a88ebbe85b6ac4a850baf8.enc",
      "sha256": "3ecb23c58141adbc0388222ac56f4dda274f62d093ccf91710a3771937024686"
    },
    {
      "bytes": 319,
      "path": "runtime/objects/88/34/88347fe5104406cd5c490deb31bff20b09c6016595a88ebbe85b6ac4a850baf8.meta.json",
      "sha256": "a01d3e20c9d9e278ee93477fd2df6bdcfe1312435f6948db901c9093a0025b73"
    },
    {
      "bytes": 76,
      "path": "runtime/objects/cc/eb/cceb61914f938908557da8f2f3bc332a83c855f3055dbea312798b132cc8b1eb.enc",
      "sha256": "27b545eb48febee29493003f4842fd27b70ad97491953a489e58df7925cef38f"
    },
    {
      "bytes": 319,
      "path": "runtime/objects/cc/eb/cceb61914f938908557da8f2f3bc332a83c855f3055dbea312798b132cc8b1eb.meta.json",
      "sha256": "ed0f123137ed6937febb7ebededd7313ffb2ce7c4e7aeb5d0d1843ac37db719c"
    },
    {
      "bytes": 65,
      "path": "runtime/objects/e5/c0/e5c0318ea1eda7b26c91702c7266adbe0552092b10e8da071ef754919adca3bc.enc",
      "sha256": "6876aee13057ee27582cbf3262c60107b34a05fe098ee7506c2a319e6cfa9483"
    },
    {
      "bytes": 319,
      "path": "runtime/objects/e5/c0/e5c0318ea1eda7b26c91702c7266adbe0552092b10e8da071ef754919adca3bc.meta.json",
      "sha256": "39c9fd71dedfb15ab9fdeeabe5a7415eca9c78a9ab8f00d1dc92838d659b8944"
    },
    {
      "bytes": 51,
      "path": "runtime/objects/ed/d6/edd6b3d0e4a41a069ea47e7eb390b4c9dd7c49943929fc13e7686bb51a7579c2.enc",
      "sha256": "97ea28d66c5e802f9a84016bc1eb5ca111dbf702a0bc41c9f206134b3c8f3c62"
    },
    {
      "bytes": 319,
      "path": "runtime/objects/ed/d6/edd6b3d0e4a41a069ea47e7eb390b4c9dd7c49943929fc13e7686bb51a7579c2.meta.json",
      "sha256": "3600253f51835257136148af1e739a58e83dbb0a7082c639acaaddc7af971bef"
    },
    {
      "bytes": 45,
      "path": "runtime/objects/f9/b4/f9b46f3583cdda6dea33402feb9611e80c0548fcbe1eacf894956d511f8892d1.enc",
      "sha256": "db7a0c693815efadfaa0f7c4296bbeb30aca5f50c21a47d1b4c0a02f88c23146"
    },
    {
      "bytes": 319,
      "path": "runtime/objects/f9/b4/f9b46f3583cdda6dea33402feb9611e80c0548fcbe1eacf894956d511f8892d1.meta.json",
      "sha256": "cec8cb315c129d574ed4255063402151f42147bc2562966906051adb5f3cf255"
    },
    {
      "bytes": 1650688,
      "path": "runtime/sip.sqlite3",
      "sha256": "015c01656663cc9975dacd6fb36485e6a5bdb11c49d0280efadbe01a53aab4d1"
    }
  ],
  "canonical_scenario": "construction",
  "claims": "Synthetic acceptance evidence only; this is not a customer pilot, physical-device validation, survey, legal approval, or production-load result.",
  "demonstration": "construction",
  "environment": {
    "git": {
      "commit": "8af0aafa0425b3f190b14fa63701990f0bd6d343",
      "dirty_paths": 265,
      "working_tree_clean": false
    },
    "platform": "Linux-6.12.13-x86_64-with-glibc2.41",
    "python": "3.13.5"
  },
  "error": null,
  "evidence_hash": "9bd2a3cf61cbd13f638df8156bb9255d97071cf161ddd01a34764f088f3fb1e1",
  "finished_at": "2026-07-27T23:58:14.658048+00:00",
  "result": {
    "acceptance": {
      "capture_finalized_locally": true,
      "capture_pause_recovered": true,
      "deficiency_closed_after_retest": true,
      "design_observed_verified_not_collapsed": true,
      "drawing_imported": true,
      "field_measurement_verified": true,
      "restored": true,
      "semantic_diff_reviewable": true,
      "states_distinct": true,
      "warning_present": true
    },
    "capture": {
      "asset_id": "281c5b34-7ef2-4229-9878-8256c43433c3",
      "path": "/mnt/data/sip-hybrid-work/runtime/demo/construction/input/construction-area.sipcapture",
      "root_hash": "5a4eb38dac181f7965a4b513db50bebe1fd31e4b421f8c22c430dbdf0189d147"
    },
    "capture_recovery": {
      "attempts": 2,
      "final_state": "succeeded",
      "finalized_locally": true,
      "operation_id": "e7902d20-7289-459b-8865-fe0ec9823389",
      "paused_checkpoint": {
        "root_hash": "5a4eb38dac181f7965a4b513db50bebe1fd31e4b421f8c22c430dbdf0189d147",
        "safe_to_resume": true,
        "sequence": 1,
        "stage": "local-package-validated"
      },
      "resumed_checkpoint": {
        "prior_checkpoint": {
          "root_hash": "5a4eb38dac181f7965a4b513db50bebe1fd31e4b421f8c22c430dbdf0189d147",
          "safe_to_resume": true,
          "sequence": 1,
          "stage": "local-package-validated"
        },
        "safe_to_resume": true,
        "sequence": 2,
        "stage": "resumed-and-finalized"
      }
    },
    "deficiency": {
      "correction": {
        "deficiency_id": "90997b62-9dca-4775-af2a-b2cadbfef02c",
        "history_count": 3,
        "state": "closed",
        "test_result": "pass"
      },
      "id": "90997b62-9dca-4775-af2a-b2cadbfef02c"
    },
    "documents": [
      "b4b4226e-4877-4614-8e01-5b8b58f2963a",
      "dfdb1ef5-20de-4b97-aa1e-86d23e8674d3",
      "b90f287a-4302-4254-a227-07f938e1b8b1",
      "8fa0761b-f837-4350-9417-fbbe2fb406cc"
    ],
    "hierarchy": {
      "building": "7c08e50b-7bf8-4cd9-beaf-580dd481a2b7",
      "level": "00b0b712-3449-4584-99b3-c9e961f2df07",
      "room": "3cc6aa2f-64fd-44dc-829e-f146488003d5",
      "site": "b7f77047-d0a4-41ce-8fc0-d011000f24c6"
    },
    "measurement": {
      "id": "344ab8da-97b0-4902-b8d4-e259902628ca",
      "source": {
        "authority_class": "field_verified",
        "calibration": {
          "asset_id": "61ce85b1-27e4-4061-9196-d2f66ba76075",
          "certificate": "SYN-CAL-001",
          "instrument": "traceable laser"
        },
        "measurement_id": "344ab8da-97b0-4902-b8d4-e259902628ca",
        "source_asset_ids": [
          "64a80110-ca9d-4594-afdf-1ea7d405a6b5",
          "61ce85b1-27e4-4061-9196-d2f66ba76075"
        ],
        "uncertainty": 0.003,
        "unit": "m",
        "value": 1.52,
        "verified_at": "2026-07-27T23:58:13.425484",
        "verifier_id": "demo-field-verifier"
      }
    },
    "preservation": {
      "independent_runtime": "/mnt/data/sip-hybrid-work/runtime/demo/construction/restore-runtime",
      "matching_root_hash": true,
      "operational_replay": {
        "counts": {
          "anchor_remaps": 0,
          "assertions": 0,
          "collaboration_comments": 0,
          "collaboration_tasks": 0,
          "consent_grants": 0,
          "construction_records": 17,
          "coordinate_frames": 1,
          "derivation_events": 0,
          "evidence_records": 0,
          "geometry_asset_manifests": 0,
          "legal_holds": 0,
          "measurements": 1,
          "memory_records": 0,
          "representation_bindings": 0,
          "representations": 0,
          "retention_rules": 0,
          "scene_branches": 1,
          "scene_commits": 1,
          "scene_entities": 1,
          "scene_tags": 0,
          "spatial_annotations": 0,
          "spatial_transforms": 0
        },
        "matches_package": true,
        "vertical_validation": {
          "domain_service_query_passed": true,
          "measurement_count": 1,
          "technical_record_count": 17
        }
      },
      "package_path": "/mnt/data/sip-hybrid-work/runtime/demo/construction/preservation.sip-preservation.zip",
      "package_sha256": "d483f445925bba8807a35c260b5e244d7d04d3fcfc6aa376eac205a992bed760",
      "restored": {
        "commit_id": "ba081eaa-769a-4295-af11-e0461083974a",
        "domain_schema_version": "1.1.0",
        "id_maps": {
          "anchor_remap": {},
          "annotation": {},
          "assertion": {},
          "asset": {
            "05f23862-e924-4030-8bad-7b5df7cdd0a8": "05f23862-e924-4030-8bad-7b5df7cdd0a8",
            "120f4326-359d-433f-862d-3e1db4789d86": "120f4326-359d-433f-862d-3e1db4789d86",
            "281c5b34-7ef2-4229-9878-8256c43433c3": "281c5b34-7ef2-4229-9878-8256c43433c3",
            "61ce85b1-27e4-4061-9196-d2f66ba76075": "61ce85b1-27e4-4061-9196-d2f66ba76075",
            "64a80110-ca9d-4594-afdf-1ea7d405a6b5": "64a80110-ca9d-4594-afdf-1ea7d405a6b5",
            "75faad7b-4ea8-48b9-8896-0ed58b2cfd1e": "75faad7b-4ea8-48b9-8896-0ed58b2cfd1e",
            "d86c1f2f-6bbc-44ab-b461-4088a1bd0b65": "d86c1f2f-6bbc-44ab-b461-4088a1bd0b65",
            "fc59d4a0-6c70-4289-9565-8a1cf48ae4b9": "fc59d4a0-6c70-4289-9565-8a1cf48ae4b9"
          },
          "branch": {
            "cc75b75d-adfe-4e5a-89ac-cc64da1d84f5": "cc75b75d-adfe-4e5a-89ac-cc64da1d84f5"
          },
          "comment": {},
          "commit": {
            "ba081eaa-769a-4295-af11-e0461083974a": "ba081eaa-769a-4295-af11-e0461083974a"
          },
          "consent": {},
          "construction": {
            "00b0b712-3449-4584-99b3-c9e961f2df07": "00b0b712-3449-4584-99b3-c9e961f2df07",
            "288ae98f-28f4-4b5a-9961-8774e0cfc11b": "288ae98f-28f4-4b5a-9961-8774e0cfc11b",
            "3cc6aa2f-64fd-44dc-829e-f146488003d5": "3cc6aa2f-64fd-44dc-829e-f146488003d5",
            "600e4c64-2354-4a21-9ff8-3a444af5098f": "600e4c64-2354-4a21-9ff8-3a444af5098f",
            "634778a4-f3ca-4100-9338-b798b0aa1625": "634778a4-f3ca-4100-9338-b798b0aa1625",
            "7c08e50b-7bf8-4cd9-beaf-580dd481a2b7": "7c08e50b-7bf8-4cd9-beaf-580dd481a2b7",
            "8308b429-b971-4459-a4ed-7bb85c0061cc": "8308b429-b971-4459-a4ed-7bb85c0061cc",
            "882c8ef0-fc92-424d-9a9a-50f834b6027d": "882c8ef0-fc92-424d-9a9a-50f834b6027d",
            "8c6ad528-548f-43ce-86ea-dca3cc666f92": "8c6ad528-548f-43ce-86ea-dca3cc666f92",
            "8fa0761b-f837-4350-9417-fbbe2fb406cc": "8fa0761b-f837-4350-9417-fbbe2fb406cc",
            "90997b62-9dca-4775-af2a-b2cadbfef02c": "90997b62-9dca-4775-af2a-b2cadbfef02c",
            "b369c61e-b98a-499d-90a1-6c829ac97021": "b369c61e-b98a-499d-90a1-6c829ac97021",
            "b4b4226e-4877-4614-8e01-5b8b58f2963a": "b4b4226e-4877-4614-8e01-5b8b58f2963a",
            "b7f77047-d0a4-41ce-8fc0-d011000f24c6": "b7f77047-d0a4-41ce-8fc0-d011000f24c6",
            "b90f287a-4302-4254-a227-07f938e1b8b1": "b90f287a-4302-4254-a227-07f938e1b8b1",
            "cb87c3c2-fc09-4922-a620-e11c459709ac": "cb87c3c2-fc09-4922-a620-e11c459709ac",
            "dfdb1ef5-20de-4b97-aa1e-86d23e8674d3": "dfdb1ef5-20de-4b97-aa1e-86d23e8674d3"
          },
          "derivation": {},
          "entity": {
            "entity-facp": "entity-facp"
          },
          "evidence": {},
          "frame": {
            "world": "world"
          },
          "geometry_manifest": {},
          "legal_hold": {},
          "measurement": {
            "344ab8da-97b0-4902-b8d4-e259902628ca": "344ab8da-97b0-4902-b8d4-e259902628ca"
          },
          "memory": {},
          "representation": {},
          "representation_binding": {},
          "retention_rule": {},
          "scene": {
            "a457b43f-fc00-484f-b4d0-b10671e48e70": "a457b43f-fc00-484f-b4d0-b10671e48e70"
          },
          "scene_tag": {},
          "spatial_transform": {},
          "task": {}
        },
        "native_replay": true,
        "non_activated_evidence": {
          "archived_tables": [
            "agent_proposals",
            "audit_events",
            "deletion_evidence",
            "deletion_requests",
            "exports",
            "notifications",
            "operations",
            "outbox_events",
            "quota_policies",
            "role_bindings",
            "saved_queries",
            "search_documents",
            "usage_ledger"
          ],
          "governance_tables": [
            "model_manifests",
            "provider_manifests"
          ],
          "provider_model_reapproval_required": true,
          "search_reindex_required": true,
          "security_bindings_replayed": false
        },
        "preservation_package_asset_id": "6e3aacfb-f9b0-4046-83e3-23fd3783d0a6",
        "preservation_package_sha256": "d483f445925bba8807a35c260b5e244d7d04d3fcfc6aa376eac205a992bed760",
        "project_id": "project-restored-construction",
        "replayed_counts": {
          "anchor_remaps": 0,
          "assertions": 0,
          "collaboration_comments": 0,
          "collaboration_tasks": 0,
          "consent_grants": 0,
          "construction_records": 17,
          "coordinate_frames": 1,
          "derivation_events": 0,
          "evidence_records": 0,
          "geometry_asset_manifests": 0,
          "legal_holds": 0,
          "measurements": 1,
          "memory_records": 0,
          "representation_bindings": 0,
          "representations": 0,
          "retention_rules": 0,
          "scene_branches": 1,
          "scene_commits": 1,
          "scene_entities": 1,
          "scene_tags": 0,
          "spatial_annotations": 0,
          "spatial_transforms": 0
        },
        "restored_assets": {
          "count": 8,
          "remapped_ids": 0,
          "unique_objects": 8
        },
        "scene_id": "a457b43f-fc00-484f-b4d0-b10671e48e70",
        "semantic_snapshot_hash": "869a13635d961cd8def79942eaf93a818f62e6bf6921ccd7e82dc06621663ddd",
        "source_root_hash": "37f451346528b11e5fd65967c25acff04894ddfd5e64b91b51046f72e789b2dc",
        "tenant_id": "tenant-restored-construction",
        "unresolved_references": []
      },
      "restored_assets": 9,
      "root_hash": "37f451346528b11e5fd65967c25acff04894ddfd5e64b91b51046f72e789b2dc",
      "verified_files": 11
    },
    "reports": {
      "bcf": {
        "format": "BCF-JSON-reference",
        "path": "/mnt/data/sip-hybrid-work/runtime/demo/construction/handoff/project.bcf.json",
        "sha256": "a9951ddf234d74b8180b738549f834d971bb74523a62a66c0213fc7bac1014df",
        "topics": 1
      },
      "ifc": {
        "format": "SIP-IFC-HANDOFF-MANIFEST-1.0",
        "path": "/mnt/data/sip-hybrid-work/runtime/demo/construction/handoff/ifc-handoff.json",
        "sha256": "5ae55ad333eaf85de28d9af72e7919b8a00f666bf190722750612b769ee22228"
      },
      "owner": "/mnt/data/sip-hybrid-work/runtime/demo/construction/reports/owner-report.json",
      "technical": "/mnt/data/sip-hybrid-work/runtime/demo/construction/reports/technical-report.json"
    },
    "systems": [
      "634778a4-f3ca-4100-9338-b798b0aa1625",
      "600e4c64-2354-4a21-9ff8-3a444af5098f",
      "882c8ef0-fc92-424d-9a9a-50f834b6027d",
      "288ae98f-28f4-4b5a-9961-8774e0cfc11b",
      "8c6ad528-548f-43ce-86ea-dca3cc666f92",
      "b369c61e-b98a-499d-90a1-6c829ac97021",
      "cb87c3c2-fc09-4922-a620-e11c459709ac",
      "8308b429-b971-4459-a4ed-7bb85c0061cc"
    ],
    "temporal": {
      "after": {
        "added": [
          "288ae98f-28f4-4b5a-9961-8774e0cfc11b"
        ],
        "modified_or_superseded": [],
        "removed": []
      },
      "baseline": {
        "added": [],
        "modified_or_superseded": [],
        "removed": []
      },
      "point_change": {
        "added_fraction": 0.5,
        "added_indices": [
          2,
          3
        ],
        "removed_fraction": 0.5,
        "removed_indices": [
          2,
          3
        ],
        "threshold_m": 0.2
      }
    }
  },
  "schema": "sip.demo-evidence/v1",
  "started_at": "2026-07-27T23:58:11.076873+00:00",
  "status": "passed"
}
