=== demo:hybrid ===
{
  "artifacts": [
    {
      "bytes": 269,
      "path": "runtime/objects/06/83/068331e400cb15f3b2965603ede79b8d9b6e619c2c0d586a4bd600bc7b362eed.enc",
      "sha256": "ffe8e6d2155511ecad871f00a42ecd163ac34aa14742496b76f7c5dce0b9232f"
    },
    {
      "bytes": 319,
      "path": "runtime/objects/06/83/068331e400cb15f3b2965603ede79b8d9b6e619c2c0d586a4bd600bc7b362eed.meta.json",
      "sha256": "fcde138323719f608ca359a9eca013795e9b9b3165a0bdaf0b89f9d4f66f8c4d"
    },
    {
      "bytes": 222,
      "path": "runtime/objects/1b/90/1b909691605f5fb736c8b1e53aa4fd6eccdb12cce0973bbaf7d8a07f56ce1af5.enc",
      "sha256": "2e20831a3f6b5c9d4fbbe8265aa6523c8d01caa98e47849ff822540e6b398d1d"
    },
    {
      "bytes": 319,
      "path": "runtime/objects/1b/90/1b909691605f5fb736c8b1e53aa4fd6eccdb12cce0973bbaf7d8a07f56ce1af5.meta.json",
      "sha256": "dc58856158683ee0eb61400ab3110460e3fdb328db1d16f06069bcb2dc22a2dd"
    },
    {
      "bytes": 264,
      "path": "runtime/objects/cf/71/cf71e692c5b0a39a3a279567d51e67fd72d9be8a4ffca7f3fd517b29717ca2d9.enc",
      "sha256": "fd103996531dd4e40cd8455cef5010e577140906d7d2f04912c57774299dc504"
    },
    {
      "bytes": 319,
      "path": "runtime/objects/cf/71/cf71e692c5b0a39a3a279567d51e67fd72d9be8a4ffca7f3fd517b29717ca2d9.meta.json",
      "sha256": "defe61a2b13a3d141dcc61de3c9a024942b66b6719f4479265b955cb5c906d6b"
    },
    {
      "bytes": 2713,
      "path": "runtime/objects/f2/3a/f23a9779d190357c2414af0a406987a0d37066ea8eaa25d52a8a981b6a7915ba.enc",
      "sha256": "1ef90581aa5ece0becb48fb4a6240fe40c3fb06de811d1bf8ad9a9af5bc6cb47"
    },
    {
      "bytes": 319,
      "path": "runtime/objects/f2/3a/f23a9779d190357c2414af0a406987a0d37066ea8eaa25d52a8a981b6a7915ba.meta.json",
      "sha256": "46b069e85a70026290dcd65cfcf20f91520360e35d35c3e27c16b88c226db0ca"
    },
    {
      "bytes": 238,
      "path": "runtime/objects/f3/2e/f32e78b6b6b5507fc7873d5e41ab12f7ca5f5d481cc55b038e53e6a8b9e07dcc.enc",
      "sha256": "7ac5802cf509bf1ec81fd9b85f31134b7697c50fbde5d6fb2f20d78221570f72"
    },
    {
      "bytes": 319,
      "path": "runtime/objects/f3/2e/f32e78b6b6b5507fc7873d5e41ab12f7ca5f5d481cc55b038e53e6a8b9e07dcc.meta.json",
      "sha256": "e59e369877fd035e7b8a0d2b33ba26f1de75696d1ea32169f90473b4e21b89bf"
    },
    {
      "bytes": 1671168,
      "path": "runtime/sip.sqlite3",
      "sha256": "02ce0ed96951fb38518bc282427a9333fdfe9d31f1571f47884463097d499344"
    },
    {
      "bytes": 2936,
      "path": "viewer-session.json",
      "sha256": "bae4f0e13407f0b6d86454b74c9f2aaa53b1f29b43f61d9f4aec47ed3a025b8c"
    },
    {
      "bytes": 5426,
      "path": "viewer.html",
      "sha256": "105c67f34337fc3181b1ec6e22bc2c4f002a078280c7c0695e13423529e42d86"
    }
  ],
  "canonical_scenario": "hybrid",
  "claims": "Synthetic acceptance evidence only; this is not a customer pilot, physical-device validation, survey, legal approval, or production-load result.",
  "demonstration": "hybrid",
  "environment": {
    "git": {
      "commit": "8af0aafa0425b3f190b14fa63701990f0bd6d343",
      "dirty_paths": 264,
      "working_tree_clean": false
    },
    "platform": "Linux-6.12.13-x86_64-with-glibc2.41",
    "python": "3.13.5"
  },
  "error": null,
  "evidence_hash": "8f0ce4a972fd90b12099bf6026c0510a8d1ac1a977cb98eae4b6cc11e576adac",
  "finished_at": "2026-07-27T23:58:09.485179+00:00",
  "result": {
    "acceptance": {
      "all_layers_same_frame": true,
      "direct_proxy_measurement_blocked": true,
      "prior_commit_preserved": true,
      "proxy_hit_re_resolved": true,
      "unresolved_anchor_reported": true
    },
    "direct_proxy_measurement_blocked": true,
    "proxy_pick": {
      "acceptance_threshold_m": 0.03,
      "authoritative_measurement_allowed": true,
      "estimated_residual_m": 0.01,
      "interaction_hit": {
        "normal": [
          0.0,
          1.0,
          0.0
        ],
        "representation_id": "8fbbf398-619c-40e7-8fbf-6a71fe9ad774",
        "representation_kind": "interaction",
        "support_hint": {},
        "world_point": [
          1.0,
          1.0,
          0.0
        ]
      },
      "metric_representation_id": "018f834d-89b1-4b70-9b41-1cc5985c16d5",
      "metric_source_asset_ids": [
        "94478b14-39b2-4031-b09b-7fed2f4445cb"
      ],
      "proxy_representation_id": "8fbbf398-619c-40e7-8fbf-6a71fe9ad774",
      "reason": null,
      "resolved": true,
      "resolved_metric_evidence": {
        "acceptance_threshold_m": 0.03,
        "coordinate_frame_id": "world",
        "estimated_residual_m": 0.01,
        "metric_representation_id": "018f834d-89b1-4b70-9b41-1cc5985c16d5",
        "metric_source_asset_ids": [
          "94478b14-39b2-4031-b09b-7fed2f4445cb"
        ],
        "resolution_method": "support_map_metric_reprojection"
      },
      "world_point": [
        1.0,
        1.0,
        0.0
      ]
    },
    "replacement": {
      "new_representation_id": "b3a221af-0d2d-4d5d-9bbe-f177f8bca04a",
      "old_representation_id": "8fbbf398-619c-40e7-8fbf-6a71fe9ad774",
      "reprojected": 1,
      "reprojected_anchor_ids": [
        "anchor-panel"
      ],
      "unresolved": 1,
      "unresolved_anchors": [
        {
          "anchor_id": "anchor-removed",
          "point": [
            3.5,
            1.0,
            0.0
          ],
          "semantic_support_id": "entity-removed"
        }
      ]
    },
    "representations": {
      "design": "a6a8c6b8-75b4-44cf-bd81-6ae599aef722",
      "metric": "018f834d-89b1-4b70-9b41-1cc5985c16d5",
      "proxy_v1": "8fbbf398-619c-40e7-8fbf-6a71fe9ad774",
      "proxy_v2": "b3a221af-0d2d-4d5d-9bbe-f177f8bca04a",
      "visual": "7240577f-c3fc-459b-b32d-bfade5693722"
    },
    "scene": {
      "after_replacement_commit": {
        "branch": "main",
        "change_evidence_ids": [],
        "commit_id": "1aff64d5-6512-4e14-8369-2d5993e34d6d",
        "field_visit_id": null,
        "parent_ids": [
          "f794ad0e-ad77-49fc-8a14-95218842fbf0"
        ],
        "recorded_at": "2026-07-27T23:58:09.470660+00:00",
        "review_state": "unreviewed",
        "root_manifest_hash": "1bff22eebdc21db984b48c5c59dc68adfa699aeca1f37b2dcf82c2ce05bb7415",
        "snapshot_hash": "1bff22eebdc21db984b48c5c59dc68adfa699aeca1f37b2dcf82c2ce05bb7415",
        "valid_from": null,
        "valid_to": null,
        "workflow_event_id": null
      },
      "before_replacement_commit": {
        "branch": "main",
        "change_evidence_ids": [],
        "commit_id": "f794ad0e-ad77-49fc-8a14-95218842fbf0",
        "field_visit_id": null,
        "parent_ids": [
          "c41fe426-2235-4593-865d-724a54945613"
        ],
        "recorded_at": "2026-07-27T23:58:09.409283+00:00",
        "review_state": "unreviewed",
        "root_manifest_hash": "2f13d4755c0f7ec2c69c87005cd7d3c09c3e742bdaecae11f4d8c71b5cac78ff",
        "snapshot_hash": "2f13d4755c0f7ec2c69c87005cd7d3c09c3e742bdaecae11f4d8c71b5cac78ff",
        "valid_from": null,
        "valid_to": null,
        "workflow_event_id": null
      },
      "diff": {
        "entities": {
          "added": [],
          "modified": [],
          "removed": []
        },
        "left": "f794ad0e-ad77-49fc-8a14-95218842fbf0",
        "representation_changed": true,
        "right": "1aff64d5-6512-4e14-8369-2d5993e34d6d"
      },
      "initial_commit": "c41fe426-2235-4593-865d-724a54945613",
      "scene_id": "fc4c961e-ebb1-4246-a946-e05b1f3a9ea8"
    },
    "viewer": {
      "external_dependencies": [],
      "portable": true,
      "session": "/mnt/data/sip-hybrid-work/runtime/demo/hybrid/viewer-session.json",
      "session_sha256": "bae4f0e13407f0b6d86454b74c9f2aaa53b1f29b43f61d9f4aec47ed3a025b8c",
      "viewer": "/mnt/data/sip-hybrid-work/runtime/demo/hybrid/viewer.html",
      "viewer_sha256": "105c67f34337fc3181b1ec6e22bc2c4f002a078280c7c0695e13423529e42d86"
    }
  },
  "schema": "sip.demo-evidence/v1",
  "started_at": "2026-07-27T23:58:07.503684+00:00",
  "status": "passed"
}
