[test-matrix] starting migration: files=1 shard_jobs=1
[test-matrix] starting contract: files=19 shard_jobs=4
[test-matrix] starting integration: files=9 shard_jobs=4
[test-matrix] migration: passed; files=1; tests=5; failures=0; errors=0; skipped=0; elapsed=33.16s
[test-matrix] starting security: files=2 shard_jobs=2
[test-matrix] security: passed; files=2; tests=3; failures=0; errors=0; skipped=0; elapsed=4.02s
[test-matrix] starting unit: files=5 shard_jobs=4
[test-matrix] integration: passed; files=9; tests=56; failures=0; errors=0; skipped=0; elapsed=45.68s
[test-matrix] starting property: files=1 shard_jobs=1
[test-matrix] property: passed; files=1; tests=1; failures=0; errors=0; skipped=0; elapsed=1.57s
[test-matrix] starting privacy: files=1 shard_jobs=1
[test-matrix] unit: passed; files=5; tests=20; failures=0; errors=0; skipped=0; elapsed=11.08s
[test-matrix] starting e2e: files=1 shard_jobs=1
[test-matrix] contract: passed; files=19; tests=99; failures=0; errors=0; skipped=0; elapsed=49.77s
[test-matrix] starting acceptance: files=1 shard_jobs=1
[test-matrix] privacy: passed; files=1; tests=1; failures=0; errors=0; skipped=0; elapsed=3.01s
[test-matrix] starting spec: files=1 shard_jobs=1
[test-matrix] spec: passed; files=1; tests=1; failures=0; errors=0; skipped=0; elapsed=1.43s
[test-matrix] acceptance: passed; files=1; tests=2; failures=0; errors=0; skipped=0; elapsed=6.41s
[test-matrix] e2e: passed; files=1; tests=5; failures=0; errors=0; skipped=0; elapsed=7.97s
{
  "evidence": {
    "captured_at": "2026-07-28T00:02:30.968066+00:00",
    "dependency_snapshot_count": 490,
    "dependency_snapshot_sha256": "2d053b256f1aa774bb47d2e47a7ec208e021e84c2ca8e08d35eee3fccdf58b37",
    "git_branch": "hybrid-governed",
    "git_commit": "8af0aafa0425b3f190b14fa63701990f0bd6d343",
    "git_dirty": true,
    "git_status_sha256": "579e1696ad85127cd4c29bb16993783e5c2338eb62ae7cb4c567aa999f1bdb0e",
    "machine": "x86_64",
    "platform": "Linux-6.12.13-x86_64-with-glibc2.41",
    "processor": "",
    "python_executable": "/opt/pyvenv/bin/python",
    "python_version": "3.13.5 (main, May  5 2026, 21:05:52) [GCC 14.2.0]",
    "source_tree_root_sha256": "0718cc246724f7f88dbefe6373dd1085c5d67e8868ae0c7d56dcb45e50b832e5",
    "test_profile": "local-deterministic-no-external-hardware-or-credentials"
  },
  "findings": [],
  "plugin_autoload_disabled": true,
  "python": "3.13.5 (main, May  5 2026, 21:05:52) [GCC 14.2.0]",
  "results": [
    {
      "captured_at": "2026-07-28T00:02:23.578565+00:00",
      "command": [
        "/opt/pyvenv/bin/python",
        "/mnt/data/sip-hybrid-work/tools/run_pytest_isolated.py",
        "-q",
        "tests/contract",
        "-p",
        "no:cacheprovider",
        "--sharded-by-test-file"
      ],
      "elapsed_seconds": 49.76534,
      "errors": 0,
      "exit_code": 0,
      "failures": 0,
      "input_root_sha256": "2631969b11ca218c59200adcc721711aa71814bde15112a62ff9cfd4b3aba71e",
      "junit_path": "build/reports/tests/contract.xml",
      "junit_sha256": "936b934640159f0e0212a33a497a955b67f52ce759f0cdf94bdf50686dca6438",
      "log_path": "build/reports/tests/contract.log",
      "log_sha256": "51b1ebf9c31ff2427748c963b877dcf7ba048a3c09b8a5c8f67d3d0bd405b8e2",
      "name": "contract",
      "shard_commands": [
        [
          "python",
          "tools/run_pytest_isolated.py",
          "-q",
          "tests/contract/test_api_contract.py",
          "-p",
          "no:cacheprovider",
          "--junitxml=build/reports/tests/contract-shards/tests__contract__test_api_contract.xml"
        ],
        [
          "python",
          "tools/run_pytest_isolated.py",
          "-q",
          "tests/contract/test_delivery_tools.py",
          "-p",
          "no:cacheprovider",
          "--junitxml=build/reports/tests/contract-shards/tests__contract__test_delivery_tools.xml"
        ],
        [
          "python",
          "tools/run_pytest_isolated.py",
          "-q",
          "tests/contract/test_documentation.py",
          "-p",
          "no:cacheprovider",
          "--junitxml=build/reports/tests/contract-shards/tests__contract__test_documentation.xml"
        ],
        [
          "python",
          "tools/run_pytest_isolated.py",
          "-q",
          "tests/contract/test_event_architecture.py",
          "-p",
          "no:cacheprovider",
          "--junitxml=build/reports/tests/contract-shards/tests__contract__test_event_architecture.xml"
        ],
        [
          "python",
          "tools/run_pytest_isolated.py",
          "-q",
          "tests/contract/test_generated_contracts.py",
          "-p",
          "no:cacheprovider",
          "--junitxml=build/reports/tests/contract-shards/tests__contract__test_generated_contracts.xml"
        ],
        [
          "python",
          "tools/run_pytest_isolated.py",
          "-q",
          "tests/contract/test_governance.py",
          "-p",
          "no:cacheprovider",
          "--junitxml=build/reports/tests/contract-shards/tests__contract__test_governance.xml"
        ],
        [
          "python",
          "tools/run_pytest_isolated.py",
          "-q",
          "tests/contract/test_governance_registers.py",
          "-p",
          "no:cacheprovider",
          "--junitxml=build/reports/tests/contract-shards/tests__contract__test_governance_registers.xml"
        ],
        [
          "python",
          "tools/run_pytest_isolated.py",
          "-q",
          "tests/contract/test_governed_hybrid_api.py",
          "-p",
          "no:cacheprovider",
          "--junitxml=build/reports/tests/contract-shards/tests__contract__test_governed_hybrid_api.xml"
        ],
        [
          "python",
          "tools/run_pytest_isolated.py",
          "-q",
          "tests/contract/test_infrastructure.py",
          "-p",
          "no:cacheprovider",
          "--junitxml=build/reports/tests/contract-shards/tests__contract__test_infrastructure.xml"
        ],
        [
          "python",
          "tools/run_pytest_isolated.py",
          "-q",
          "tests/contract/test_observability.py",
          "-p",
          "no:cacheprovider",
          "--junitxml=build/reports/tests/contract-shards/tests__contract__test_observability.xml"
        ],
        [
          "python",
          "tools/run_pytest_isolated.py",
          "-q",
          "tests/contract/test_observability_infrastructure.py",
          "-p",
          "no:cacheprovider",
          "--junitxml=build/reports/tests/contract-shards/tests__contract__test_observability_infrastructure.xml"
        ],
        [
          "python",
          "tools/run_pytest_isolated.py",
          "-q",
          "tests/contract/test_repository_boundaries.py",
          "-p",
          "no:cacheprovider",
          "--junitxml=build/reports/tests/contract-shards/tests__contract__test_repository_boundaries.xml"
        ],
        [
          "python",
          "tools/run_pytest_isolated.py",
          "-q",
          "tests/contract/test_search_agent_api.py",
          "-p",
          "no:cacheprovider",
          "--junitxml=build/reports/tests/contract-shards/tests__contract__test_search_agent_api.xml"
        ],
        [
          "python",
          "tools/run_pytest_isolated.py",
          "-q",
          "tests/contract/test_service_boundaries.py",
          "-p",
          "no:cacheprovider",
          "--junitxml=build/reports/tests/contract-shards/tests__contract__test_service_boundaries.xml"
        ],
        [
          "python",
          "tools/run_pytest_isolated.py",
          "-q",
          "tests/contract/test_spatial_truth_api.py",
          "-p",
          "no:cacheprovider",
          "--junitxml=build/reports/tests/contract-shards/tests__contract__test_spatial_truth_api.xml"
        ],
        [
          "python",
          "tools/run_pytest_isolated.py",
          "-q",
          "tests/contract/test_spec_lint.py",
          "-p",
          "no:cacheprovider",
          "--junitxml=build/reports/tests/contract-shards/tests__contract__test_spec_lint.xml"
        ],
        [
          "python",
          "tools/run_pytest_isolated.py",
          "-q",
          "tests/contract/test_test_matrix_resume.py",
          "-p",
          "no:cacheprovider",
          "--junitxml=build/reports/tests/contract-shards/tests__contract__test_test_matrix_resume.xml"
        ],
        [
          "python",
          "tools/run_pytest_isolated.py",
          "-q",
          "tests/contract/test_worker_manifests.py",
          "-p",
          "no:cacheprovider",
          "--junitxml=build/reports/tests/contract-shards/tests__contract__test_worker_manifests.xml"
        ],
        [
          "python",
          "tools/run_pytest_isolated.py",
          "-q",
          "tests/contract/test_worker_protocol.py",
          "-p",
          "no:cacheprovider",
          "--junitxml=build/reports/tests/contract-shards/tests__contract__test_worker_protocol.xml"
        ]
      ],
      "shard_count": 19,
      "shard_manifest_path": "build/reports/tests/contract-shards/manifest.json",
      "shard_manifest_sha256": "9dd5dab046632682dec4a70e81bc515f020847d589ed7fa693a3abebf021c18c",
      "skipped": 0,
      "source_tree_root_sha256": "0718cc246724f7f88dbefe6373dd1085c5d67e8868ae0c7d56dcb45e50b832e5",
      "status": "passed",
      "tests": 99
    },
    {
      "captured_at": "2026-07-28T00:02:19.452681+00:00",
      "command": [
        "/opt/pyvenv/bin/python",
        "/mnt/data/sip-hybrid-work/tools/run_pytest_isolated.py",
        "-q",
        "tests/integration",
        "-p",
        "no:cacheprovider",
        "--sharded-by-test-file"
      ],
      "elapsed_seconds": 45.683513,
      "errors": 0,
      "exit_code": 0,
      "failures": 0,
      "input_root_sha256": "346c6b161776076132a2472a4c9ebcc6dc7a472f8904d10eff37379e6ff6b16c",
      "junit_path": "build/reports/tests/integration.xml",
      "junit_sha256": "3003a3cf583b69be594a2d1f72b3819fe4d27eada816a1abe25e7e1b27344b33",
      "log_path": "build/reports/tests/integration.log",
      "log_sha256": "79bba81ede4a52553a0a77e3a281d0316c5044f179a43a54302ad959dd94be10",
      "name": "integration",
      "shard_commands": [
        [
          "python",
          "tools/run_pytest_isolated.py",
          "-q",
          "tests/integration/test_authorized_search_agents.py",
          "-p",
          "no:cacheprovider",
          "--junitxml=build/reports/tests/integration-shards/tests__integration__test_authorized_search_agents.xml"
        ],
        [
          "python",
          "tools/run_pytest_isolated.py",
          "-q",
          "tests/integration/test_export_restore.py",
          "-p",
          "no:cacheprovider",
          "--junitxml=build/reports/tests/integration-shards/tests__integration__test_export_restore.xml"
        ],
        [
          "python",
          "tools/run_pytest_isolated.py",
          "-q",
          "tests/integration/test_governed_hybrid.py",
          "-p",
          "no:cacheprovider",
          "--junitxml=build/reports/tests/integration-shards/tests__integration__test_governed_hybrid.xml"
        ],
        [
          "python",
          "tools/run_pytest_isolated.py",
          "-q",
          "tests/integration/test_lifecycle_recovery.py",
          "-p",
          "no:cacheprovider",
          "--junitxml=build/reports/tests/integration-shards/tests__integration__test_lifecycle_recovery.xml"
        ],
        [
          "python",
          "tools/run_pytest_isolated.py",
          "-q",
          "tests/integration/test_s3_store.py",
          "-p",
          "no:cacheprovider",
          "--junitxml=build/reports/tests/integration-shards/tests__integration__test_s3_store.xml"
        ],
        [
          "python",
          "tools/run_pytest_isolated.py",
          "-q",
          "tests/integration/test_scene_representation.py",
          "-p",
          "no:cacheprovider",
          "--junitxml=build/reports/tests/integration-shards/tests__integration__test_scene_representation.xml"
        ],
        [
          "python",
          "tools/run_pytest_isolated.py",
          "-q",
          "tests/integration/test_spatial_truth_twin.py",
          "-p",
          "no:cacheprovider",
          "--junitxml=build/reports/tests/integration-shards/tests__integration__test_spatial_truth_twin.xml"
        ],
        [
          "python",
          "tools/run_pytest_isolated.py",
          "-q",
          "tests/integration/test_verticals.py",
          "-p",
          "no:cacheprovider",
          "--junitxml=build/reports/tests/integration-shards/tests__integration__test_verticals.xml"
        ],
        [
          "python",
          "tools/run_pytest_isolated.py",
          "-q",
          "tests/integration/test_worker_runtime.py",
          "-p",
          "no:cacheprovider",
          "--junitxml=build/reports/tests/integration-shards/tests__integration__test_worker_runtime.xml"
        ]
      ],
      "shard_count": 9,
      "shard_manifest_path": "build/reports/tests/integration-shards/manifest.json",
      "shard_manifest_sha256": "2312869a7f79e04e6650943f0b2f0bb19d89252da6f409a0964b6b23a59e3a91",
      "skipped": 0,
      "source_tree_root_sha256": "0718cc246724f7f88dbefe6373dd1085c5d67e8868ae0c7d56dcb45e50b832e5",
      "status": "passed",
      "tests": 56
    },
    {
      "captured_at": "2026-07-28T00:02:06.925760+00:00",
      "command": [
        "/opt/pyvenv/bin/python",
        "/mnt/data/sip-hybrid-work/tools/run_pytest_isolated.py",
        "-q",
        "tests/migration",
        "-p",
        "no:cacheprovider",
        "--sharded-by-test-file"
      ],
      "elapsed_seconds": 33.158829,
      "errors": 0,
      "exit_code": 0,
      "failures": 0,
      "input_root_sha256": "eda1201439eb05ca7d6a21f38cbcad94ba93ed7d73ef22d95050715b2ebb34a6",
      "junit_path": "build/reports/tests/migration.xml",
      "junit_sha256": "806b6a1d79e4c6b8076a2e6fc4bcbe2f769853311db5ba90e312eaf37a3191ed",
      "log_path": "build/reports/tests/migration.log",
      "log_sha256": "a538136e56e3e0c7485d3c0cf4b39b0454aa9a25c2ae97e29e5b6fe72c7546a7",
      "name": "migration",
      "shard_commands": [
        [
          "python",
          "tools/run_pytest_isolated.py",
          "-q",
          "tests/migration/test_migrations.py",
          "-p",
          "no:cacheprovider",
          "--junitxml=build/reports/tests/migration-shards/tests__migration__test_migrations.xml"
        ]
      ],
      "shard_count": 1,
      "shard_manifest_path": "build/reports/tests/migration-shards/manifest.json",
      "shard_manifest_sha256": "e5225eeca5f270919eb7c3345c6208a2495f81286380a60f87999ca4b4625614",
      "skipped": 0,
      "source_tree_root_sha256": "0718cc246724f7f88dbefe6373dd1085c5d67e8868ae0c7d56dcb45e50b832e5",
      "status": "passed",
      "tests": 5
    },
    {
      "captured_at": "2026-07-28T00:02:10.948766+00:00",
      "command": [
        "/opt/pyvenv/bin/python",
        "/mnt/data/sip-hybrid-work/tools/run_pytest_isolated.py",
        "-q",
        "tests/security",
        "-p",
        "no:cacheprovider",
        "--sharded-by-test-file"
      ],
      "elapsed_seconds": 4.015254,
      "errors": 0,
      "exit_code": 0,
      "failures": 0,
      "input_root_sha256": "5128af900dcc7907f9b0c7d6362e55f28756c3bd80d898b73b75b8ff5e0d70f0",
      "junit_path": "build/reports/tests/security.xml",
      "junit_sha256": "5ad296ab69556e747dd7d36f7ce04002efdd2684ab63a03173343905031500d6",
      "log_path": "build/reports/tests/security.log",
      "log_sha256": "21b07117156d95636ef7fb779d1166f6fe5e72505b0cc9703e9d25e3381b4317",
      "name": "security",
      "shard_commands": [
        [
          "python",
          "tools/run_pytest_isolated.py",
          "-q",
          "tests/security/test_tenant_isolation.py",
          "-p",
          "no:cacheprovider",
          "--junitxml=build/reports/tests/security-shards/tests__security__test_tenant_isolation.xml"
        ],
        [
          "python",
          "tools/run_pytest_isolated.py",
          "-q",
          "tests/security/test_worker_sandbox.py",
          "-p",
          "no:cacheprovider",
          "--junitxml=build/reports/tests/security-shards/tests__security__test_worker_sandbox.xml"
        ]
      ],
      "shard_count": 2,
      "shard_manifest_path": "build/reports/tests/security-shards/manifest.json",
      "shard_manifest_sha256": "d1f9ac43f48bb33869f59c939a7f4d71a92b84533e447d56bad143a1bdf20fd2",
      "skipped": 0,
      "source_tree_root_sha256": "0718cc246724f7f88dbefe6373dd1085c5d67e8868ae0c7d56dcb45e50b832e5",
      "status": "passed",
      "tests": 3
    },
    {
      "captured_at": "2026-07-28T00:02:22.037187+00:00",
      "command": [
        "/opt/pyvenv/bin/python",
        "/mnt/data/sip-hybrid-work/tools/run_pytest_isolated.py",
        "-q",
        "tests/unit",
        "-p",
        "no:cacheprovider",
        "--sharded-by-test-file"
      ],
      "elapsed_seconds": 11.084332,
      "errors": 0,
      "exit_code": 0,
      "failures": 0,
      "input_root_sha256": "46b175d78e246df112ed3d0f344f50a6a58300d6919ced8e82fb4202eaeb40ac",
      "junit_path": "build/reports/tests/unit.xml",
      "junit_sha256": "b1b2a3be877aec92f3c4c4ec6bb289738b6440278368849e1db1a5feed743b42",
      "log_path": "build/reports/tests/unit.log",
      "log_sha256": "77f3babbb770067217a943c5685938bba03044b500ec39cb97af4eb2b2b22afc",
      "name": "unit",
      "shard_commands": [
        [
          "python",
          "tools/run_pytest_isolated.py",
          "-q",
          "tests/unit/test_assets_policy.py",
          "-p",
          "no:cacheprovider",
          "--junitxml=build/reports/tests/unit-shards/tests__unit__test_assets_policy.xml"
        ],
        [
          "python",
          "tools/run_pytest_isolated.py",
          "-q",
          "tests/unit/test_capture.py",
          "-p",
          "no:cacheprovider",
          "--junitxml=build/reports/tests/unit-shards/tests__unit__test_capture.xml"
        ],
        [
          "python",
          "tools/run_pytest_isolated.py",
          "-q",
          "tests/unit/test_failure_catalog.py",
          "-p",
          "no:cacheprovider",
          "--junitxml=build/reports/tests/unit-shards/tests__unit__test_failure_catalog.xml"
        ],
        [
          "python",
          "tools/run_pytest_isolated.py",
          "-q",
          "tests/unit/test_geometry.py",
          "-p",
          "no:cacheprovider",
          "--junitxml=build/reports/tests/unit-shards/tests__unit__test_geometry.xml"
        ],
        [
          "python",
          "tools/run_pytest_isolated.py",
          "-q",
          "tests/unit/test_operations.py",
          "-p",
          "no:cacheprovider",
          "--junitxml=build/reports/tests/unit-shards/tests__unit__test_operations.xml"
        ]
      ],
      "shard_count": 5,
      "shard_manifest_path": "build/reports/tests/unit-shards/manifest.json",
      "shard_manifest_sha256": "cfd4ca671d698d7184a92ad70c209b8ba4c1d4af6e4f3fc89634e216982dc6cb",
      "skipped": 0,
      "source_tree_root_sha256": "0718cc246724f7f88dbefe6373dd1085c5d67e8868ae0c7d56dcb45e50b832e5",
      "status": "passed",
      "tests": 20
    },
    {
      "captured_at": "2026-07-28T00:02:21.028744+00:00",
      "command": [
        "/opt/pyvenv/bin/python",
        "/mnt/data/sip-hybrid-work/tools/run_pytest_isolated.py",
        "-q",
        "tests/property",
        "-p",
        "no:cacheprovider",
        "--sharded-by-test-file"
      ],
      "elapsed_seconds": 1.573205,
      "errors": 0,
      "exit_code": 0,
      "failures": 0,
      "input_root_sha256": "c2418710a210004affda0fe16e00f594a8ca6391601ff3450b132f17a2b1e6eb",
      "junit_path": "build/reports/tests/property.xml",
      "junit_sha256": "7e2562ba495b4407405525124de7dc59e2a85d29b60f082192d7294b1a37ffa9",
      "log_path": "build/reports/tests/property.log",
      "log_sha256": "132391d9e06222b949e1dfe581e058622fb5ba2852732f64bf02479add1a1cb6",
      "name": "property",
      "shard_commands": [
        [
          "python",
          "tools/run_pytest_isolated.py",
          "-q",
          "tests/property/test_geometry_properties.py",
          "-p",
          "no:cacheprovider",
          "--junitxml=build/reports/tests/property-shards/tests__property__test_geometry_properties.xml"
        ]
      ],
      "shard_count": 1,
      "shard_manifest_path": "build/reports/tests/property-shards/manifest.json",
      "shard_manifest_sha256": "f160f44691ee7034e01575cee29ee26d53b20ba8489e8c7bd66d3dc1b1b2301b",
      "skipped": 0,
      "source_tree_root_sha256": "0718cc246724f7f88dbefe6373dd1085c5d67e8868ae0c7d56dcb45e50b832e5",
      "status": "passed",
      "tests": 1
    },
    {
      "captured_at": "2026-07-28T00:02:24.044744+00:00",
      "command": [
        "/opt/pyvenv/bin/python",
        "/mnt/data/sip-hybrid-work/tools/run_pytest_isolated.py",
        "-q",
        "tests/privacy",
        "-p",
        "no:cacheprovider",
        "--sharded-by-test-file"
      ],
      "elapsed_seconds": 3.013219,
      "errors": 0,
      "exit_code": 0,
      "failures": 0,
      "input_root_sha256": "c1c42e504defcbc1f5d528b567328419eb09b46d39862b6f143039de425cad97",
      "junit_path": "build/reports/tests/privacy.xml",
      "junit_sha256": "ae19db5fe31d688c73022d7e1fb82fb507773fcf3d507377861fb411b0b55f2c",
      "log_path": "build/reports/tests/privacy.log",
      "log_sha256": "5e65762d10db538c8a125124676e7838e902185da4441d55bdd36214ab460795",
      "name": "privacy",
      "shard_commands": [
        [
          "python",
          "tools/run_pytest_isolated.py",
          "-q",
          "tests/privacy/test_policy_propagation.py",
          "-p",
          "no:cacheprovider",
          "--junitxml=build/reports/tests/privacy-shards/tests__privacy__test_policy_propagation.xml"
        ]
      ],
      "shard_count": 1,
      "shard_manifest_path": "build/reports/tests/privacy-shards/manifest.json",
      "shard_manifest_sha256": "7beca2feeaefe4c75fdcbd8777ba2cade65b870b5d4a8fabf5b6d3b1bda5da3c",
      "skipped": 0,
      "source_tree_root_sha256": "0718cc246724f7f88dbefe6373dd1085c5d67e8868ae0c7d56dcb45e50b832e5",
      "status": "passed",
      "tests": 1
    },
    {
      "captured_at": "2026-07-28T00:02:30.010284+00:00",
      "command": [
        "/opt/pyvenv/bin/python",
        "/mnt/data/sip-hybrid-work/tools/run_pytest_isolated.py",
        "-q",
        "tests/e2e",
        "-p",
        "no:cacheprovider",
        "--sharded-by-test-file"
      ],
      "elapsed_seconds": 7.970232,
      "errors": 0,
      "exit_code": 0,
      "failures": 0,
      "input_root_sha256": "2653f5142847ae159ae5fea2b0b5e37697a59cdc0fa844f5ba0797a8d1f127a7",
      "junit_path": "build/reports/tests/e2e.xml",
      "junit_sha256": "38836c51f7865ccc499297c3ae7301dbe5f6a62cca34785ef8d325a070506d3e",
      "log_path": "build/reports/tests/e2e.log",
      "log_sha256": "f88db72d3d6e466fdd9e7cd386ab1ba9980214953c04327c1a9bf8a110de6aaa",
      "name": "e2e",
      "shard_commands": [
        [
          "python",
          "tools/run_pytest_isolated.py",
          "-q",
          "tests/e2e/test_platform_demonstrations.py",
          "-p",
          "no:cacheprovider",
          "--junitxml=build/reports/tests/e2e-shards/tests__e2e__test_platform_demonstrations.xml"
        ]
      ],
      "shard_count": 1,
      "shard_manifest_path": "build/reports/tests/e2e-shards/manifest.json",
      "shard_manifest_sha256": "3b81c50921f3ed0bdb971bec9f7f4e33a8d1adacd4b60efb7e0da81067fdc531",
      "skipped": 0,
      "source_tree_root_sha256": "0718cc246724f7f88dbefe6373dd1085c5d67e8868ae0c7d56dcb45e50b832e5",
      "status": "passed",
      "tests": 5
    },
    {
      "captured_at": "2026-07-28T00:02:29.990121+00:00",
      "command": [
        "/opt/pyvenv/bin/python",
        "/mnt/data/sip-hybrid-work/tools/run_pytest_isolated.py",
        "-q",
        "tests/acceptance",
        "-p",
        "no:cacheprovider",
        "--sharded-by-test-file"
      ],
      "elapsed_seconds": 6.408248,
      "errors": 0,
      "exit_code": 0,
      "failures": 0,
      "input_root_sha256": "9919ccc232f8a8aa45e0f911b1edd4f394b1ac8901dd21d554eef35fa14f4435",
      "junit_path": "build/reports/tests/acceptance.xml",
      "junit_sha256": "9071969fb855fbdde5afd4645faf43b3f06bfe896840a056ee2fca8040c82f37",
      "log_path": "build/reports/tests/acceptance.log",
      "log_sha256": "4677e9b8d9798a85cebbbe4d4b3359df4e7615dcf744d0cbacf67a243a2b89e4",
      "name": "acceptance",
      "shard_commands": [
        [
          "python",
          "tools/run_pytest_isolated.py",
          "-q",
          "tests/acceptance/test_vertical_demonstrations.py",
          "-p",
          "no:cacheprovider",
          "--junitxml=build/reports/tests/acceptance-shards/tests__acceptance__test_vertical_demonstrations.xml"
        ]
      ],
      "shard_count": 1,
      "shard_manifest_path": "build/reports/tests/acceptance-shards/manifest.json",
      "shard_manifest_sha256": "f7675a893cf299f0f02e027077ae6d670357fcee0573a1a0cb4e139662fdf1dd",
      "skipped": 0,
      "source_tree_root_sha256": "0718cc246724f7f88dbefe6373dd1085c5d67e8868ae0c7d56dcb45e50b832e5",
      "status": "passed",
      "tests": 2
    },
    {
      "captured_at": "2026-07-28T00:02:25.477875+00:00",
      "command": [
        "/opt/pyvenv/bin/python",
        "/mnt/data/sip-hybrid-work/tools/run_pytest_isolated.py",
        "-q",
        "tests/spec",
        "-p",
        "no:cacheprovider",
        "--sharded-by-test-file"
      ],
      "elapsed_seconds": 1.427208,
      "errors": 0,
      "exit_code": 0,
      "failures": 0,
      "input_root_sha256": "30416c3981b09a978616efbd3f98fd64f13058b6bb35cdcbebaaa59cdc6f3af6",
      "junit_path": "build/reports/tests/spec.xml",
      "junit_sha256": "22996315715bc216c8da841fd094160e9dc4806fd0896d6c54212faabb72a1ef",
      "log_path": "build/reports/tests/spec.log",
      "log_sha256": "bd42d1ff3c345423fadcdd44cadb50cffd237e4c9359e9b72cca7b57d161ec65",
      "name": "spec",
      "shard_commands": [
        [
          "python",
          "tools/run_pytest_isolated.py",
          "-q",
          "tests/spec/test_requirements_controls.py",
          "-p",
          "no:cacheprovider",
          "--junitxml=build/reports/tests/spec-shards/tests__spec__test_requirements_controls.xml"
        ]
      ],
      "shard_count": 1,
      "shard_manifest_path": "build/reports/tests/spec-shards/manifest.json",
      "shard_manifest_sha256": "164ea1df718fc92e1b6adeb2b705e1e5b119cfee7da724413c781fbb2adb4f9c",
      "skipped": 0,
      "source_tree_root_sha256": "0718cc246724f7f88dbefe6373dd1085c5d67e8868ae0c7d56dcb45e50b832e5",
      "status": "passed",
      "tests": 1
    }
  ],
  "resumable_suite_evidence": true,
  "schema": "sip.test-matrix/v2",
  "status": "passed",
  "suite_parallelism": null,
  "suite_process_isolation": true,
  "test_file_process_isolation": true,
  "totals": {
    "elapsed_seconds": 164.09938,
    "errors": 0,
    "failures": 0,
    "skipped": 0,
    "tests": 193
  },
  "verification_policy": {
    "manual_reviewer": null,
    "maximum_errors": 0,
    "maximum_failures": 0,
    "required_exit_code": 0
  }
}
