[test-matrix] starting contract: files=20 shard_jobs=2
[test-matrix] contract: passed; files=20; tests=101; failures=0; errors=0; skipped=0; elapsed=53.18s
{
  "results": [
    {
      "captured_at": "2026-07-28T00:38:22.269413+00:00",
      "command": [
        "/opt/pyvenv/bin/python",
        "/mnt/data/sip-authoritative-work/tools/run_pytest_isolated.py",
        "-q",
        "tests/contract",
        "-p",
        "no:cacheprovider",
        "--sharded-by-test-file"
      ],
      "elapsed_seconds": 53.176464,
      "errors": 0,
      "exit_code": 0,
      "failures": 0,
      "input_root_sha256": "28ef6d0ef8789b5428f3d780d7d3fdd8e088e44250babaf0141d6d3c780a026e",
      "junit_path": "build/reports/tests/contract.xml",
      "junit_sha256": "1548b7813023f64ee7dc62749383bfb8d1fa4e37953d86df79f5396f30c024b1",
      "log_path": "build/reports/tests/contract.log",
      "log_sha256": "fcd07b3b179e82e026d909e4f369904d890c776f9ba946e8d783924e79dd6243",
      "name": "contract",
      "shard_commands": [
        [
          "python",
          "tools/run_pytest_isolated.py",
          "-q",
          "tests/contract/test_api_contract.py",
          "-p",
          "no:cacheprovider",
          "--junitxml=build/reports/tests/contract-shards/tests__contract__test_api_contract.xml"
        ],
        [
          "python",
          "tools/run_pytest_isolated.py",
          "-q",
          "tests/contract/test_delivery_tools.py",
          "-p",
          "no:cacheprovider",
          "--junitxml=build/reports/tests/contract-shards/tests__contract__test_delivery_tools.xml"
        ],
        [
          "python",
          "tools/run_pytest_isolated.py",
          "-q",
          "tests/contract/test_documentation.py",
          "-p",
          "no:cacheprovider",
          "--junitxml=build/reports/tests/contract-shards/tests__contract__test_documentation.xml"
        ],
        [
          "python",
          "tools/run_pytest_isolated.py",
          "-q",
          "tests/contract/test_event_architecture.py",
          "-p",
          "no:cacheprovider",
          "--junitxml=build/reports/tests/contract-shards/tests__contract__test_event_architecture.xml"
        ],
        [
          "python",
          "tools/run_pytest_isolated.py",
          "-q",
          "tests/contract/test_generated_contracts.py",
          "-p",
          "no:cacheprovider",
          "--junitxml=build/reports/tests/contract-shards/tests__contract__test_generated_contracts.xml"
        ],
        [
          "python",
          "tools/run_pytest_isolated.py",
          "-q",
          "tests/contract/test_governance.py",
          "-p",
          "no:cacheprovider",
          "--junitxml=build/reports/tests/contract-shards/tests__contract__test_governance.xml"
        ],
        [
          "python",
          "tools/run_pytest_isolated.py",
          "-q",
          "tests/contract/test_governance_registers.py",
          "-p",
          "no:cacheprovider",
          "--junitxml=build/reports/tests/contract-shards/tests__contract__test_governance_registers.xml"
        ],
        [
          "python",
          "tools/run_pytest_isolated.py",
          "-q",
          "tests/contract/test_governed_hybrid_api.py",
          "-p",
          "no:cacheprovider",
          "--junitxml=build/reports/tests/contract-shards/tests__contract__test_governed_hybrid_api.xml"
        ],
        [
          "python",
          "tools/run_pytest_isolated.py",
          "-q",
          "tests/contract/test_infrastructure.py",
          "-p",
          "no:cacheprovider",
          "--junitxml=build/reports/tests/contract-shards/tests__contract__test_infrastructure.xml"
        ],
        [
          "python",
          "tools/run_pytest_isolated.py",
          "-q",
          "tests/contract/test_observability.py",
          "-p",
          "no:cacheprovider",
          "--junitxml=build/reports/tests/contract-shards/tests__contract__test_observability.xml"
        ],
        [
          "python",
          "tools/run_pytest_isolated.py",
          "-q",
          "tests/contract/test_observability_infrastructure.py",
          "-p",
          "no:cacheprovider",
          "--junitxml=build/reports/tests/contract-shards/tests__contract__test_observability_infrastructure.xml"
        ],
        [
          "python",
          "tools/run_pytest_isolated.py",
          "-q",
          "tests/contract/test_repository_boundaries.py",
          "-p",
          "no:cacheprovider",
          "--junitxml=build/reports/tests/contract-shards/tests__contract__test_repository_boundaries.xml"
        ],
        [
          "python",
          "tools/run_pytest_isolated.py",
          "-q",
          "tests/contract/test_search_agent_api.py",
          "-p",
          "no:cacheprovider",
          "--junitxml=build/reports/tests/contract-shards/tests__contract__test_search_agent_api.xml"
        ],
        [
          "python",
          "tools/run_pytest_isolated.py",
          "-q",
          "tests/contract/test_service_boundaries.py",
          "-p",
          "no:cacheprovider",
          "--junitxml=build/reports/tests/contract-shards/tests__contract__test_service_boundaries.xml"
        ],
        [
          "python",
          "tools/run_pytest_isolated.py",
          "-q",
          "tests/contract/test_spatial_truth_api.py",
          "-p",
          "no:cacheprovider",
          "--junitxml=build/reports/tests/contract-shards/tests__contract__test_spatial_truth_api.xml"
        ],
        [
          "python",
          "tools/run_pytest_isolated.py",
          "-q",
          "tests/contract/test_spec_lint.py",
          "-p",
          "no:cacheprovider",
          "--junitxml=build/reports/tests/contract-shards/tests__contract__test_spec_lint.xml"
        ],
        [
          "python",
          "tools/run_pytest_isolated.py",
          "-q",
          "tests/contract/test_test_matrix_resume.py",
          "-p",
          "no:cacheprovider",
          "--junitxml=build/reports/tests/contract-shards/tests__contract__test_test_matrix_resume.xml"
        ],
        [
          "python",
          "tools/run_pytest_isolated.py",
          "-q",
          "tests/contract/test_traceability_evidence.py",
          "-p",
          "no:cacheprovider",
          "--junitxml=build/reports/tests/contract-shards/tests__contract__test_traceability_evidence.xml"
        ],
        [
          "python",
          "tools/run_pytest_isolated.py",
          "-q",
          "tests/contract/test_worker_manifests.py",
          "-p",
          "no:cacheprovider",
          "--junitxml=build/reports/tests/contract-shards/tests__contract__test_worker_manifests.xml"
        ],
        [
          "python",
          "tools/run_pytest_isolated.py",
          "-q",
          "tests/contract/test_worker_protocol.py",
          "-p",
          "no:cacheprovider",
          "--junitxml=build/reports/tests/contract-shards/tests__contract__test_worker_protocol.xml"
        ]
      ],
      "shard_count": 20,
      "shard_manifest_path": "build/reports/tests/contract-shards/manifest.json",
      "shard_manifest_sha256": "8549c4bc4b257267433baf9b2510334a95406abccefc36aed92c7e0e4958d3b7",
      "skipped": 0,
      "source_tree_root_sha256": "afbad174ba76e5dbd3ea121b1ff5a5e582cfc274780c323b1a0a158c614e4346",
      "status": "passed",
      "tests": 101
    }
  ],
  "schema": "sip.test-suite-run/v1",
  "source_tree_root_sha256": "afbad174ba76e5dbd3ea121b1ff5a5e582cfc274780c323b1a0a158c614e4346",
  "status": "passed",
  "totals": {
    "errors": 0,
    "failures": 0,
    "skipped": 0,
    "tests": 101
  }
}
[3JTERM environment variable not set.
